Archive member included to satisfy reference by file (symbol)

C:/Users/Elias/.pico-sdk/toolchain/14_2_Rel1/bin/../lib/gcc/arm-none-eabi/14.2.1/thumb/v6-m/nofp\libgcc.a(_dvmd_tls.o)
                              CMakeFiles/main.dir/C_/Users/Elias/.pico-sdk/sdk/2.1.1/src/rp2_common/pico_divider/divider_hardware.S.obj (__aeabi_idiv0)
C:/Users/Elias/.pico-sdk/toolchain/14_2_Rel1/bin/../lib/gcc/arm-none-eabi/14.2.1/thumb/v6-m/nofp\libg.a(libc_a-calloc.o)
                              CMakeFiles/main.dir/C_/Users/Elias/.pico-sdk/sdk/2.1.1/src/rp2_common/pico_malloc/malloc.c.obj (calloc)
C:/Users/Elias/.pico-sdk/toolchain/14_2_Rel1/bin/../lib/gcc/arm-none-eabi/14.2.1/thumb/v6-m/nofp\libg.a(libc_a-callocr.o)
                              C:/Users/Elias/.pico-sdk/toolchain/14_2_Rel1/bin/../lib/gcc/arm-none-eabi/14.2.1/thumb/v6-m/nofp\libg.a(libc_a-calloc.o) (_calloc_r)
C:/Users/Elias/.pico-sdk/toolchain/14_2_Rel1/bin/../lib/gcc/arm-none-eabi/14.2.1/thumb/v6-m/nofp\libg.a(libc_a-malloc.o)
                              CMakeFiles/main.dir/C_/Users/Elias/.pico-sdk/sdk/2.1.1/src/rp2_common/pico_malloc/malloc.c.obj (malloc)
C:/Users/Elias/.pico-sdk/toolchain/14_2_Rel1/bin/../lib/gcc/arm-none-eabi/14.2.1/thumb/v6-m/nofp\libg.a(libc_a-mallocr.o)
                              C:/Users/Elias/.pico-sdk/toolchain/14_2_Rel1/bin/../lib/gcc/arm-none-eabi/14.2.1/thumb/v6-m/nofp\libg.a(libc_a-callocr.o) (_malloc_r)
C:/Users/Elias/.pico-sdk/toolchain/14_2_Rel1/bin/../lib/gcc/arm-none-eabi/14.2.1/thumb/v6-m/nofp\libg.a(libc_a-mlock.o)
                              C:/Users/Elias/.pico-sdk/toolchain/14_2_Rel1/bin/../lib/gcc/arm-none-eabi/14.2.1/thumb/v6-m/nofp\libg.a(libc_a-mallocr.o) (__malloc_lock)
C:/Users/Elias/.pico-sdk/toolchain/14_2_Rel1/bin/../lib/gcc/arm-none-eabi/14.2.1/thumb/v6-m/nofp\libg.a(libc_a-realloc.o)
                              CMakeFiles/main.dir/C_/Users/Elias/.pico-sdk/sdk/2.1.1/src/rp2_common/pico_malloc/malloc.c.obj (realloc)
C:/Users/Elias/.pico-sdk/toolchain/14_2_Rel1/bin/../lib/gcc/arm-none-eabi/14.2.1/thumb/v6-m/nofp\libg.a(libc_a-reallocr.o)
                              C:/Users/Elias/.pico-sdk/toolchain/14_2_Rel1/bin/../lib/gcc/arm-none-eabi/14.2.1/thumb/v6-m/nofp\libg.a(libc_a-realloc.o) (_realloc_r)
C:/Users/Elias/.pico-sdk/toolchain/14_2_Rel1/bin/../lib/gcc/arm-none-eabi/14.2.1/thumb/v6-m/nofp\libg.a(libc_a-ctype_.o)
                              CMakeFiles/main.dir/main.c.obj (_ctype_)
C:/Users/Elias/.pico-sdk/toolchain/14_2_Rel1/bin/../lib/gcc/arm-none-eabi/14.2.1/thumb/v6-m/nofp\libg.a(libc_a-memcmp.o)
                              CMakeFiles/main.dir/C_/Users/Elias/.pico-sdk/sdk/2.1.1/src/rp2_common/pico_atomic/atomic.c.obj (memcmp)
C:/Users/Elias/.pico-sdk/toolchain/14_2_Rel1/bin/../lib/gcc/arm-none-eabi/14.2.1/thumb/v6-m/nofp\libg.a(libc_a-memmove.o)
                              C:/Users/Elias/.pico-sdk/toolchain/14_2_Rel1/bin/../lib/gcc/arm-none-eabi/14.2.1/thumb/v6-m/nofp\libg.a(libc_a-reallocr.o) (memmove)
C:/Users/Elias/.pico-sdk/toolchain/14_2_Rel1/bin/../lib/gcc/arm-none-eabi/14.2.1/thumb/v6-m/nofp\libg.a(libc_a-lcltime_r.o)
                              CMakeFiles/main.dir/C_/Users/Elias/.pico-sdk/sdk/2.1.1/src/common/pico_util/datetime.c.obj (localtime_r)
C:/Users/Elias/.pico-sdk/toolchain/14_2_Rel1/bin/../lib/gcc/arm-none-eabi/14.2.1/thumb/v6-m/nofp\libg.a(libc_a-mktime.o)
                              CMakeFiles/main.dir/C_/Users/Elias/.pico-sdk/sdk/2.1.1/src/common/pico_util/datetime.c.obj (mktime)
C:/Users/Elias/.pico-sdk/toolchain/14_2_Rel1/bin/../lib/gcc/arm-none-eabi/14.2.1/thumb/v6-m/nofp\libg.a(libc_a-month_lengths.o)
                              C:/Users/Elias/.pico-sdk/toolchain/14_2_Rel1/bin/../lib/gcc/arm-none-eabi/14.2.1/thumb/v6-m/nofp\libg.a(libc_a-lcltime_r.o) (__month_lengths)
C:/Users/Elias/.pico-sdk/toolchain/14_2_Rel1/bin/../lib/gcc/arm-none-eabi/14.2.1/thumb/v6-m/nofp\libg.a(libc_a-tzcalc_limits.o)
                              C:/Users/Elias/.pico-sdk/toolchain/14_2_Rel1/bin/../lib/gcc/arm-none-eabi/14.2.1/thumb/v6-m/nofp\libg.a(libc_a-lcltime_r.o) (__tzcalc_limits)
C:/Users/Elias/.pico-sdk/toolchain/14_2_Rel1/bin/../lib/gcc/arm-none-eabi/14.2.1/thumb/v6-m/nofp\libg.a(libc_a-tzlock.o)
                              C:/Users/Elias/.pico-sdk/toolchain/14_2_Rel1/bin/../lib/gcc/arm-none-eabi/14.2.1/thumb/v6-m/nofp\libg.a(libc_a-lcltime_r.o) (__tz_lock)
C:/Users/Elias/.pico-sdk/toolchain/14_2_Rel1/bin/../lib/gcc/arm-none-eabi/14.2.1/thumb/v6-m/nofp\libg.a(libc_a-tzset.o)
                              C:/Users/Elias/.pico-sdk/toolchain/14_2_Rel1/bin/../lib/gcc/arm-none-eabi/14.2.1/thumb/v6-m/nofp\libg.a(libc_a-lcltime_r.o) (_tzset_unlocked)
C:/Users/Elias/.pico-sdk/toolchain/14_2_Rel1/bin/../lib/gcc/arm-none-eabi/14.2.1/thumb/v6-m/nofp\libg.a(libc_a-tzset_r.o)
                              C:/Users/Elias/.pico-sdk/toolchain/14_2_Rel1/bin/../lib/gcc/arm-none-eabi/14.2.1/thumb/v6-m/nofp\libg.a(libc_a-tzset.o) (_tzset_unlocked_r)
[...]
Memory Configuration

Name             Origin             Length             Attributes
FLASH            0x10000000         0x00200000         xr
RAM              0x20000000         0x00040000         xrw
SCRATCH_X        0x20040000         0x00001000         xrw
SCRATCH_Y        0x20041000         0x00001000         xrw
*default*        0x00000000         0xffffffff

Linker script and memory map

LOAD C:/Users/Elias/.pico-sdk/toolchain/14_2_Rel1/bin/../lib/gcc/arm-none-eabi/14.2.1/thumb/v6-m/nofp/crti.o
LOAD C:/Users/Elias/.pico-sdk/toolchain/14_2_Rel1/bin/../lib/gcc/arm-none-eabi/14.2.1/thumb/v6-m/nofp/crtbegin.o
LOAD C:/Users/Elias/.pico-sdk/toolchain/14_2_Rel1/bin/../lib/gcc/arm-none-eabi/14.2.1/thumb/v6-m/nofp/crt0.o

.flash_begin    0x10000000        0x0
                0x10000000                        __flash_binary_start = .

.boot2          0x10000000      0x100
                0x10000000                        __boot2_start__ = .
 *(.boot2)
 .boot2         0x10000000      0x100 pico-sdk/src/rp2040/boot_stage2/CMakeFiles/bs2_default_library.dir/./bs2_default_padded_checksummed.S.obj
                0x10000100                        __boot2_end__ = .
                0x00000001                        ASSERT (((__boot2_end__ - __boot2_start__) == 0x100), ERROR: Pico second stage bootloader must be 256 bytes in size)

.text           0x10000100     0x670c
                0x10000100                        __logical_binary_start = .
 *(.vectors)
 .vectors       0x10000100       0xd4 CMakeFiles/main.dir/C_/Users/Elias/.pico-sdk/sdk/2.1.1/src/rp2_common/pico_crt0/crt0.S.obj
                0x10000100                __VECTOR_TABLE
                0x10000100                __vectors
                0x100001c0                isr_invalid
                0x100001c0                __default_isrs_start
                0x100001c2                isr_nmi
                0x100001c4                isr_hardfault
                0x100001c6                isr_svcall
                0x100001c8                isr_pendsv
                0x100001ca                isr_systick
                0x100001cc                isr_irq23
                0x100001cc                isr_irq18
                0x100001cc                isr_irq11
                0x100001cc                isr_irq28
                0x100001cc                isr_irq19
                0x100001cc                isr_irq0
                0x100001cc                isr_irq6
                0x100001cc                isr_irq5
                0x100001cc                isr_irq12
                0x100001cc                isr_irq22
                0x100001cc                isr_irq31
                0x100001cc                isr_irq17
                0x100001cc                isr_irq27
                0x100001cc                isr_irq30
                0x100001cc                isr_irq2
                0x100001cc                isr_irq10
                0x100001cc                isr_irq8
                0x100001cc                isr_irq24
                0x100001cc                isr_irq1
                0x100001cc                isr_irq7
                0x100001cc                isr_irq21
                0x100001cc                isr_irq20
                0x100001cc                isr_irq15
                0x100001cc                isr_irq25
                0x100001cc                isr_irq13
                0x100001cc                __unhandled_user_irq
                0x100001cc                isr_irq4
                0x100001cc                isr_irq16
                0x100001cc                isr_irq29
                0x100001cc                isr_irq26
                0x100001cc                __default_isrs_end
                0x100001cc                isr_irq3
                0x100001cc                isr_irq14
                0x100001cc                isr_irq9
                0x100001d2                unhandled_user_irq_num_in_r0
 *(.binary_info_header)
 .binary_info_header
                0x100001d4       0x14 CMakeFiles/main.dir/C_/Users/Elias/.pico-sdk/sdk/2.1.1/src/rp2_common/pico_crt0/crt0.S.obj
                0x100001e8                        __binary_info_header_end = .
 *(.embedded_block)
                0x100001e8                        __embedded_block_end = .
 *(.reset)
 .reset         0x100001e8       0x9c CMakeFiles/main.dir/C_/Users/Elias/.pico-sdk/sdk/2.1.1/src/rp2_common/pico_crt0/crt0.S.obj
                0x100001e8                _entry_point
 *(.init)
 .init          0x10000284        0x4 C:/Users/Elias/.pico-sdk/toolchain/14_2_Rel1/bin/../lib/gcc/arm-none-eabi/14.2.1/thumb/v6-m/nofp/crti.o
                0x10000284                _init
 *(EXCLUDE_FILE(*libm.a: *libc.a:*lib_a-mem*.o *libgcc.a:) .text*)
 .text.register_tm_clones
                0x10000288       0x28 C:/Users/Elias/.pico-sdk/toolchain/14_2_Rel1/bin/../lib/gcc/arm-none-eabi/14.2.1/thumb/v6-m/nofp/crtbegin.o
 .text.frame_dummy
                0x100002b0       0x24 C:/Users/Elias/.pico-sdk/toolchain/14_2_Rel1/bin/../lib/gcc/arm-none-eabi/14.2.1/thumb/v6-m/nofp/crtbegin.o
 .text.init_GPIO
                0x100002d4       0x20 CMakeFiles/main.dir/main.c.obj
                0x100002d4                init_GPIO
 .text.criar_frase_da_string
                0x100002f4      0x10c CMakeFiles/main.dir/main.c.obj
                0x100002f4                criar_frase_da_string
 .text.exibir_frase_rolagem
                0x10000400      0xcf4 CMakeFiles/main.dir/main.c.obj
                0x10000400                exibir_frase_rolagem
 .text.inicializar_sistema
                0x100010f4      0x160 CMakeFiles/main.dir/main.c.obj
                0x100010f4                inicializar_sistema
 .text.startup.main
                0x10001254       0x98 CMakeFiles/main.dir/main.c.obj
                0x10001254                main
 .text.gpio_set_function
                0x100012ec       0x34 CMakeFiles/main.dir/C_/Users/Elias/.pico-sdk/sdk/2.1.1/src/rp2_common/hardware_gpio/gpio.c.obj
                0x100012ec                gpio_set_function
 .text.gpio_set_pulls
                0x10001320       0x28 CMakeFiles/main.dir/C_/Users/Elias/.pico-sdk/sdk/2.1.1/src/rp2_common/hardware_gpio/gpio.c.obj
                0x10001320                gpio_set_pulls
 .text.gpio_init
                0x10001348       0x40 CMakeFiles/main.dir/C_/Users/Elias/.pico-sdk/sdk/2.1.1/src/rp2_common/hardware_gpio/gpio.c.obj
                0x10001348                gpio_init
 .text.rp2040_chip_version
                0x10001388        0xc CMakeFiles/main.dir/C_/Users/Elias/.pico-sdk/sdk/2.1.1/src/rp2040/pico_platform/platform.c.obj
                0x10001388                rp2040_chip_version
 .text.panic    0x10001394       0x30 CMakeFiles/main.dir/C_/Users/Elias/.pico-sdk/sdk/2.1.1/src/rp2_common/pico_platform_panic/panic.c.obj
                0x10001394                panic
 .text.hw_claim_lock
                0x100013c4       0x18 CMakeFiles/main.dir/C_/Users/Elias/.pico-sdk/sdk/2.1.1/src/common/hardware_claim/claim.c.obj
                0x100013c4                hw_claim_lock
 .text.hw_claim_unlock
                0x100013dc       0x14 CMakeFiles/main.dir/C_/Users/Elias/.pico-sdk/sdk/2.1.1/src/common/hardware_claim/claim.c.obj
                0x100013dc                hw_claim_unlock
 .text.hw_claim_or_assert
                0x100013f0       0x44 CMakeFiles/main.dir/C_/Users/Elias/.pico-sdk/sdk/2.1.1/src/common/hardware_claim/claim.c.obj
                0x100013f0                hw_claim_or_assert
 .text.hw_claim_unused_from_range
                0x10001434       0x88 CMakeFiles/main.dir/C_/Users/Elias/.pico-sdk/sdk/2.1.1/src/common/hardware_claim/claim.c.obj
                0x10001434                hw_claim_unused_from_range
 .text.next_striped_spin_lock_num
                0x100014bc       0x18 CMakeFiles/main.dir/C_/Users/Elias/.pico-sdk/sdk/2.1.1/src/rp2_common/hardware_sync/sync.c.obj
                0x100014bc                next_striped_spin_lock_num
 .text.spin_lock_claim_unused
                0x100014d4       0x24 CMakeFiles/main.dir/C_/Users/Elias/.pico-sdk/sdk/2.1.1/src/rp2_common/hardware_sync/sync.c.obj
                0x100014d4                spin_lock_claim_unused
 .text.spin_locks_reset
                0x100014f8       0x1c CMakeFiles/main.dir/C_/Users/Elias/.pico-sdk/sdk/2.1.1/src/rp2_common/hardware_sync_spin_lock/sync_spin_lock.c.obj
                0x100014f8                spin_locks_reset
 .text.runtime_init_per_core_irq_priorities
                0x10001514       0x24 CMakeFiles/main.dir/C_/Users/Elias/.pico-sdk/sdk/2.1.1/src/rp2_common/hardware_irq/irq.c.obj
                0x10001514                runtime_init_per_core_irq_priorities
 .text.irq_set_enabled
                0x10001538       0x24 CMakeFiles/main.dir/C_/Users/Elias/.pico-sdk/sdk/2.1.1/src/rp2_common/hardware_irq/irq.c.obj
                0x10001538                irq_set_enabled
 .text.irq_is_enabled
                0x1000155c       0x18 CMakeFiles/main.dir/C_/Users/Elias/.pico-sdk/sdk/2.1.1/src/rp2_common/hardware_irq/irq.c.obj
                0x1000155c                irq_is_enabled
 .text.irq_set_pending
                0x10001574       0x10 CMakeFiles/main.dir/C_/Users/Elias/.pico-sdk/sdk/2.1.1/src/rp2_common/hardware_irq/irq.c.obj
                0x10001574                irq_set_pending
 .text.irq_has_shared_handler
                0x10001584       0x24 CMakeFiles/main.dir/C_/Users/Elias/.pico-sdk/sdk/2.1.1/src/rp2_common/hardware_irq/irq.c.obj
                0x10001584                irq_has_shared_handler
 .text.irq_set_exclusive_handler
                0x100015a8       0x54 CMakeFiles/main.dir/C_/Users/Elias/.pico-sdk/sdk/2.1.1/src/rp2_common/hardware_irq/irq.c.obj
                0x100015a8                irq_set_exclusive_handler
 .text.irq_add_shared_handler
                0x100015fc      0x1f4 CMakeFiles/main.dir/C_/Users/Elias/.pico-sdk/sdk/2.1.1/src/rp2_common/hardware_irq/irq.c.obj
                0x100015fc                irq_add_shared_handler
 .text.irq_add_tail_to_free_list
                0x100017f0       0xb4 CMakeFiles/main.dir/C_/Users/Elias/.pico-sdk/sdk/2.1.1/src/rp2_common/hardware_irq/irq.c.obj
                0x100017f0                irq_add_tail_to_free_list
 .text.user_irq_claim_unused
                0x100018a4       0x2c CMakeFiles/main.dir/C_/Users/Elias/.pico-sdk/sdk/2.1.1/src/rp2_common/hardware_irq/irq.c.obj
                0x100018a4                user_irq_claim_unused
 .text.lock_init
                0x100018d0       0x10 CMakeFiles/main.dir/C_/Users/Elias/.pico-sdk/sdk/2.1.1/src/common/pico_sync/lock_core.c.obj
                0x100018d0                lock_init
 .text.runtime_init_mutex
                0x100018e0       0x50 CMakeFiles/main.dir/C_/Users/Elias/.pico-sdk/sdk/2.1.1/src/common/pico_sync/mutex.c.obj
                0x100018e0                runtime_init_mutex
 .text.mutex_init
                0x10001930       0x1c CMakeFiles/main.dir/C_/Users/Elias/.pico-sdk/sdk/2.1.1/src/common/pico_sync/mutex.c.obj
                0x10001930                mutex_init
 .text.critical_section_init
                0x1000194c       0x1c CMakeFiles/main.dir/C_/Users/Elias/.pico-sdk/sdk/2.1.1/src/common/pico_sync/critical_section.c.obj
                0x1000194c                critical_section_init
 .text.critical_section_init_with_lock_num
                0x10001968       0x14 CMakeFiles/main.dir/C_/Users/Elias/.pico-sdk/sdk/2.1.1/src/common/pico_sync/critical_section.c.obj
                0x10001968                critical_section_init_with_lock_num
 .text.sleep_until_callback
                0x1000197c       0x30 CMakeFiles/main.dir/C_/Users/Elias/.pico-sdk/sdk/2.1.1/src/common/pico_time/time.c.obj
 .text.alarm_pool_irq_handler
                0x100019ac      0x300 CMakeFiles/main.dir/C_/Users/Elias/.pico-sdk/sdk/2.1.1/src/common/pico_time/time.c.obj
 .text.runtime_init_default_alarm_pool
                0x10001cac       0xdc CMakeFiles/main.dir/C_/Users/Elias/.pico-sdk/sdk/2.1.1/src/common/pico_time/time.c.obj
                0x10001cac                runtime_init_default_alarm_pool
 .text.alarm_pool_get_default
                0x10001d88        0x8 CMakeFiles/main.dir/C_/Users/Elias/.pico-sdk/sdk/2.1.1/src/common/pico_time/time.c.obj
                0x10001d88                alarm_pool_get_default
 .text.alarm_pool_add_alarm_at
                0x10001d90       0xd0 CMakeFiles/main.dir/C_/Users/Elias/.pico-sdk/sdk/2.1.1/src/common/pico_time/time.c.obj
                0x10001d90                alarm_pool_add_alarm_at
 .text.alarm_pool_add_alarm_at_force_in_context
                0x10001e60       0xb0 CMakeFiles/main.dir/C_/Users/Elias/.pico-sdk/sdk/2.1.1/src/common/pico_time/time.c.obj
                0x10001e60                alarm_pool_add_alarm_at_force_in_context
 .text.alarm_pool_cancel_alarm
                0x10001f10       0x74 CMakeFiles/main.dir/C_/Users/Elias/.pico-sdk/sdk/2.1.1/src/common/pico_time/time.c.obj
                0x10001f10                alarm_pool_cancel_alarm
 .text.alarm_pool_core_num
                0x10001f84        0x4 CMakeFiles/main.dir/C_/Users/Elias/.pico-sdk/sdk/2.1.1/src/common/pico_time/time.c.obj
                0x10001f84                alarm_pool_core_num
 .text.sleep_ms
                0x10001f88       0xfc CMakeFiles/main.dir/C_/Users/Elias/.pico-sdk/sdk/2.1.1/src/common/pico_time/time.c.obj
                0x10001f88                sleep_ms
 .text.best_effort_wfe_or_timeout
                0x10002084      0x10c CMakeFiles/main.dir/C_/Users/Elias/.pico-sdk/sdk/2.1.1/src/common/pico_time/time.c.obj
                0x10002084                best_effort_wfe_or_timeout
 .text.timer_hardware_alarm_claim
                0x10002190       0x14 CMakeFiles/main.dir/C_/Users/Elias/.pico-sdk/sdk/2.1.1/src/rp2_common/hardware_timer/timer.c.obj
                0x10002190                timer_hardware_alarm_claim
 .text.timer_time_us_64
                0x100021a4       0x10 CMakeFiles/main.dir/C_/Users/Elias/.pico-sdk/sdk/2.1.1/src/rp2_common/hardware_timer/timer.c.obj
                0x100021a4                timer_time_us_64
 .text.time_us_64
                0x100021b4       0x14 CMakeFiles/main.dir/C_/Users/Elias/.pico-sdk/sdk/2.1.1/src/rp2_common/hardware_timer/timer.c.obj
                0x100021b4                time_us_64
 .text.busy_wait_until
                0x100021c8       0x20 CMakeFiles/main.dir/C_/Users/Elias/.pico-sdk/sdk/2.1.1/src/rp2_common/hardware_timer/timer.c.obj
                0x100021c8                busy_wait_until
 .text.clock_configure_int_divider
                0x100021e8       0xf4 CMakeFiles/main.dir/C_/Users/Elias/.pico-sdk/sdk/2.1.1/src/rp2_common/hardware_clocks/clocks.c.obj
                0x100021e8                clock_configure_int_divider
 .text.clock_configure_undivided
                0x100022dc       0xe8 CMakeFiles/main.dir/C_/Users/Elias/.pico-sdk/sdk/2.1.1/src/rp2_common/hardware_clocks/clocks.c.obj
                0x100022dc                clock_configure_undivided
 .text.clock_get_hz
                0x100023c4        0xc CMakeFiles/main.dir/C_/Users/Elias/.pico-sdk/sdk/2.1.1/src/rp2_common/hardware_clocks/clocks.c.obj
                0x100023c4                clock_get_hz
 .text.set_sys_clock_pll
                0x100023d0      0x1b8 CMakeFiles/main.dir/C_/Users/Elias/.pico-sdk/sdk/2.1.1/src/rp2_common/hardware_clocks/clocks.c.obj
                0x100023d0                set_sys_clock_pll
 .text.check_sys_clock_khz
                0x10002588      0x26c CMakeFiles/main.dir/C_/Users/Elias/.pico-sdk/sdk/2.1.1/src/rp2_common/hardware_clocks/clocks.c.obj
                0x10002588                check_sys_clock_khz
 .text.pll_init
                0x100027f4       0xa4 CMakeFiles/main.dir/C_/Users/Elias/.pico-sdk/sdk/2.1.1/src/rp2_common/hardware_pll/pll.c.obj
                0x100027f4                pll_init
 .text.watchdog_reboot
                0x10002898       0x9c CMakeFiles/main.dir/C_/Users/Elias/.pico-sdk/sdk/2.1.1/src/rp2_common/hardware_watchdog/watchdog.c.obj
                0x10002898                watchdog_reboot
 .text.tick_start
                0x10002934       0x10 CMakeFiles/main.dir/C_/Users/Elias/.pico-sdk/sdk/2.1.1/src/rp2_common/hardware_ticks/ticks.c.obj
                0x10002934                tick_start
 .text.rom_func_lookup
                0x10002944       0x10 CMakeFiles/main.dir/C_/Users/Elias/.pico-sdk/sdk/2.1.1/src/rp2_common/pico_bootrom/bootrom.c.obj
                0x10002944                rom_func_lookup
 .text.rom_data_lookup
                0x10002954       0x10 CMakeFiles/main.dir/C_/Users/Elias/.pico-sdk/sdk/2.1.1/src/rp2_common/pico_bootrom/bootrom.c.obj
                0x10002954                rom_data_lookup
 .text.rom_funcs_lookup
                0x10002964       0x44 CMakeFiles/main.dir/C_/Users/Elias/.pico-sdk/sdk/2.1.1/src/rp2_common/pico_bootrom/bootrom.c.obj
                0x10002964                rom_funcs_lookup
 .text.rom_reset_usb_boot
                0x100029a8       0x1c CMakeFiles/main.dir/C_/Users/Elias/.pico-sdk/sdk/2.1.1/src/rp2_common/pico_bootrom/bootrom.c.obj
                0x100029a8                rom_reset_usb_boot
 .text.rom_reset_usb_boot_extra
                0x100029c4       0x24 CMakeFiles/main.dir/C_/Users/Elias/.pico-sdk/sdk/2.1.1/src/rp2_common/pico_bootrom/bootrom.c.obj
                0x100029c4                rom_reset_usb_boot_extra
 .text.xosc_init
                0x100029e8       0x28 CMakeFiles/main.dir/C_/Users/Elias/.pico-sdk/sdk/2.1.1/src/rp2_common/hardware_xosc/xosc.c.obj
                0x100029e8                xosc_init
 .text.first_per_core_initializer
                0x10002a10        0x4 CMakeFiles/main.dir/C_/Users/Elias/.pico-sdk/sdk/2.1.1/src/rp2_common/pico_runtime/runtime.c.obj
 .text.hard_assertion_failure
                0x10002a14        0xc CMakeFiles/main.dir/C_/Users/Elias/.pico-sdk/sdk/2.1.1/src/rp2_common/pico_runtime/runtime.c.obj
                0x10002a14                hard_assertion_failure
 .text.runtime_run_initializers
                0x10002a20       0x28 CMakeFiles/main.dir/C_/Users/Elias/.pico-sdk/sdk/2.1.1/src/rp2_common/pico_runtime/runtime.c.obj
                0x10002a20                runtime_run_initializers
 .text.runtime_init_early_resets
                0x10002a48       0x2c CMakeFiles/main.dir/C_/Users/Elias/.pico-sdk/sdk/2.1.1/src/rp2_common/pico_runtime_init/runtime_init.c.obj
                0x10002a48                runtime_init_early_resets
 .text.runtime_init_usb_power_down
                0x10002a74       0x1c CMakeFiles/main.dir/C_/Users/Elias/.pico-sdk/sdk/2.1.1/src/rp2_common/pico_runtime_init/runtime_init.c.obj
                0x10002a74                runtime_init_usb_power_down
 .text.runtime_init_post_clock_resets
                0x10002a90       0x20 CMakeFiles/main.dir/C_/Users/Elias/.pico-sdk/sdk/2.1.1/src/rp2_common/pico_runtime_init/runtime_init.c.obj
                0x10002a90                runtime_init_post_clock_resets
 .text.runtime_init_rp2040_gpio_ie_disable
                0x10002ab0       0x14 CMakeFiles/main.dir/C_/Users/Elias/.pico-sdk/sdk/2.1.1/src/rp2_common/pico_runtime_init/runtime_init.c.obj
                0x10002ab0                runtime_init_rp2040_gpio_ie_disable
 .text.runtime_init_spin_locks_reset
                0x10002ac4        0x8 CMakeFiles/main.dir/C_/Users/Elias/.pico-sdk/sdk/2.1.1/src/rp2_common/pico_runtime_init/runtime_init.c.obj
                0x10002ac4                runtime_init_spin_locks_reset
 .text.runtime_init_install_ram_vector_table
                0x10002acc       0x1c CMakeFiles/main.dir/C_/Users/Elias/.pico-sdk/sdk/2.1.1/src/rp2_common/pico_runtime_init/runtime_init.c.obj
                0x10002acc                runtime_init_install_ram_vector_table
 .text.runtime_init_clocks
                0x10002ae8       0xd8 CMakeFiles/main.dir/C_/Users/Elias/.pico-sdk/sdk/2.1.1/src/rp2_common/pico_runtime_init/runtime_init_clocks.c.obj
                0x10002ae8                runtime_init_clocks
 .text          0x10002bc0       0x10 CMakeFiles/main.dir/C_/Users/Elias/.pico-sdk/sdk/2.1.1/src/rp2_common/pico_bit_ops/bit_ops_aeabi.S.obj
 .text.__wrap___aeabi_idiv
                0x10002bd0       0x50 CMakeFiles/main.dir/C_/Users/Elias/.pico-sdk/sdk/2.1.1/src/rp2_common/pico_divider/divider_hardware.S.obj
                0x10002bd0                __wrap___aeabi_idivmod
                0x10002bd0                divmod_s32s32
                0x10002bd0                div_s32s32
                0x10002bd0                __wrap___aeabi_idiv
                0x10002bd8                divmod_s32s32_unsafe
                0x10002c04                divmod_s32s32_savestate
 .text.__wrap___aeabi_uidiv
                0x10002c20       0x4c CMakeFiles/main.dir/C_/Users/Elias/.pico-sdk/sdk/2.1.1/src/rp2_common/pico_divider/divider_hardware.S.obj
                0x10002c20                __wrap___aeabi_uidiv
                0x10002c20                __wrap___aeabi_uidivmod
                0x10002c20                div_u32u32
                0x10002c20                divmod_u32u32
                0x10002c28                divmod_u32u32_unsafe
                0x10002c50                divmod_u32u32_savestate
 .text.__wrap___aeabi_darithmetic
                0x10002c6c       0x60 CMakeFiles/main.dir/C_/Users/Elias/.pico-sdk/sdk/2.1.1/src/rp2_common/pico_double/double_aeabi_rp2040.S.obj
                0x10002c6c                __wrap___aeabi_drsub
                0x10002c72                __wrap___aeabi_dsub
                0x10002c7c                __wrap___aeabi_dadd
                0x10002c86                __wrap___aeabi_ddiv
                0x10002cba                __wrap___aeabi_dmul
 .text.__wrap___aeabi_cdcmple
                0x10002ccc       0x6c CMakeFiles/main.dir/C_/Users/Elias/.pico-sdk/sdk/2.1.1/src/rp2_common/pico_double/double_aeabi_rp2040.S.obj
                0x10002ccc                __wrap___aeabi_cdrcmple
                0x10002cdc                __wrap___aeabi_cdcmpeq
                0x10002cdc                __wrap___aeabi_cdcmple
 .text.__wrap___aeabi_dcmplt
                0x10002d38        0xc CMakeFiles/main.dir/C_/Users/Elias/.pico-sdk/sdk/2.1.1/src/rp2_common/pico_double/double_aeabi_rp2040.S.obj
                0x10002d38                __wrap___aeabi_dcmplt
 .text.__wrap___aeabi_dcmpgt
                0x10002d44        0xa CMakeFiles/main.dir/C_/Users/Elias/.pico-sdk/sdk/2.1.1/src/rp2_common/pico_double/double_aeabi_rp2040.S.obj
                0x10002d44                __wrap___aeabi_dcmpgt
 *fill*         0x10002d4e        0x2 
 .text.__wrap___aeabi_i2d
                0x10002d50       0x38 CMakeFiles/main.dir/C_/Users/Elias/.pico-sdk/sdk/2.1.1/src/rp2_common/pico_double/double_aeabi_rp2040.S.obj
                0x10002d50                uint2double
                0x10002d50                __wrap___aeabi_ui2d
                0x10002d58                int2double
                0x10002d58                __wrap___aeabi_i2d
 .text.__wrap___aeabi_d2uiz
                0x10002d88       0x10 CMakeFiles/main.dir/C_/Users/Elias/.pico-sdk/sdk/2.1.1/src/rp2_common/pico_double/double_aeabi_rp2040.S.obj
                0x10002d88                double2uint
                0x10002d88                __wrap___aeabi_d2uiz
                0x10002d88                double2uint_z
 .text.__wrap___aeabi_d2f
                0x10002d98       0x10 CMakeFiles/main.dir/C_/Users/Elias/.pico-sdk/sdk/2.1.1/src/rp2_common/pico_double/double_aeabi_rp2040.S.obj
                0x10002d98                __wrap___aeabi_d2f
 .text.missing_double_func_shim
                0x10002da8        0xc CMakeFiles/main.dir/C_/Users/Elias/.pico-sdk/sdk/2.1.1/src/rp2_common/pico_double/double_init_rom_rp2040.c.obj
 .text.__aeabi_double_init
                0x10002db4       0xa0 CMakeFiles/main.dir/C_/Users/Elias/.pico-sdk/sdk/2.1.1/src/rp2_common/pico_double/double_init_rom_rp2040.c.obj
                0x10002db4                __aeabi_double_init
 .text.double_table_shim_on_use_helper
                0x10002e54       0x2c CMakeFiles/main.dir/C_/Users/Elias/.pico-sdk/sdk/2.1.1/src/rp2_common/pico_double/double_v1_rom_shim_rp2040.S.obj
                0x10002e54                double_table_shim_on_use_helper
 .text.__aeabi_lmul
                0x10002e80       0x32 CMakeFiles/main.dir/C_/Users/Elias/.pico-sdk/sdk/2.1.1/src/rp2_common/pico_int64_ops/pico_int64_ops_aeabi.S.obj
                0x10002e80                __wrap___aeabi_lmul
 *fill*         0x10002eb2        0x2 
 .text.__wrap___aeabi_farithmetic
                0x10002eb4       0x48 CMakeFiles/main.dir/C_/Users/Elias/.pico-sdk/sdk/2.1.1/src/rp2_common/pico_float/float_aeabi_rp2040.S.obj
                0x10002eb4                __wrap___aeabi_frsub
                0x10002eba                __wrap___aeabi_fsub
                0x10002ec0                __wrap___aeabi_fadd
                0x10002ec6                __wrap___aeabi_fdiv
                0x10002eee                __wrap___aeabi_fmul
 .text.__wrap___aeabi_ui2f
                0x10002efc        0xa CMakeFiles/main.dir/C_/Users/Elias/.pico-sdk/sdk/2.1.1/src/rp2_common/pico_float/float_aeabi_rp2040.S.obj
                0x10002efc                __wrap___aeabi_ui2f
                0x10002efc                uint2float
 *fill*         0x10002f06        0x2 
 .text.__wrap___aeabi_i2f
                0x10002f08       0x44 CMakeFiles/main.dir/C_/Users/Elias/.pico-sdk/sdk/2.1.1/src/rp2_common/pico_float/float_aeabi_rp2040.S.obj
                0x10002f08                __wrap___aeabi_i2f
                0x10002f08                int2float
 .text.__wrap___aeabi_f2uiz
                0x10002f4c        0xc CMakeFiles/main.dir/C_/Users/Elias/.pico-sdk/sdk/2.1.1/src/rp2_common/pico_float/float_aeabi_rp2040.S.obj
                0x10002f4c                float2uint_z
                0x10002f4c                __wrap___aeabi_f2uiz
                0x10002f4c                float2uint
 .text.missing_float_func_shim
                0x10002f58        0xc CMakeFiles/main.dir/C_/Users/Elias/.pico-sdk/sdk/2.1.1/src/rp2_common/pico_float/float_init_rom_rp2040.c.obj
 .text.__aeabi_float_init
                0x10002f64       0x5c CMakeFiles/main.dir/C_/Users/Elias/.pico-sdk/sdk/2.1.1/src/rp2_common/pico_float/float_init_rom_rp2040.c.obj
                0x10002f64                __aeabi_float_init
 .text.__wrap_malloc
                0x10002fc0       0x24 CMakeFiles/main.dir/C_/Users/Elias/.pico-sdk/sdk/2.1.1/src/rp2_common/pico_malloc/malloc.c.obj
                0x10002fc0                __wrap_malloc
 .text.__wrap_free
                0x10002fe4        0x8 CMakeFiles/main.dir/C_/Users/Elias/.pico-sdk/sdk/2.1.1/src/rp2_common/pico_malloc/malloc.c.obj
                0x10002fe4                __wrap_free
 .text          0x10002fec       0x10 CMakeFiles/main.dir/C_/Users/Elias/.pico-sdk/sdk/2.1.1/src/rp2_common/pico_mem_ops/mem_ops_aeabi.S.obj
                0x10002fec                __aeabi_mem_init
 .text.memset   0x10002ffc        0xc CMakeFiles/main.dir/C_/Users/Elias/.pico-sdk/sdk/2.1.1/src/rp2_common/pico_mem_ops/mem_ops_aeabi.S.obj
                0x10002ffc                __wrap_memset
 .text.memcpy   0x10003008        0xc CMakeFiles/main.dir/C_/Users/Elias/.pico-sdk/sdk/2.1.1/src/rp2_common/pico_mem_ops/mem_ops_aeabi.S.obj
                0x10003008                __wrap_memcpy
                0x10003008                __wrap___aeabi_memcpy
 .text._out_char
                0x10003014       0x10 CMakeFiles/main.dir/C_/Users/Elias/.pico-sdk/sdk/2.1.1/src/rp2_common/pico_printf/printf.c.obj
 .text.weak_raw_vprintf
                0x10003024       0x30 CMakeFiles/main.dir/C_/Users/Elias/.pico-sdk/sdk/2.1.1/src/rp2_common/pico_printf/printf.c.obj
                0x10003024                weak_raw_vprintf
 .text._exit    0x10003054        0x4 CMakeFiles/main.dir/C_/Users/Elias/.pico-sdk/sdk/2.1.1/src/rp2_common/pico_clib_interface/newlib_interface.c.obj
                0x10003054                _exit
 .text._sbrk    0x10003058       0x34 CMakeFiles/main.dir/C_/Users/Elias/.pico-sdk/sdk/2.1.1/src/rp2_common/pico_clib_interface/newlib_interface.c.obj
                0x10003058                _sbrk
 .text.exit     0x1000308c        0x8 CMakeFiles/main.dir/C_/Users/Elias/.pico-sdk/sdk/2.1.1/src/rp2_common/pico_clib_interface/newlib_interface.c.obj
                0x1000308c                exit
 .text.runtime_init
                0x10003094       0x2c CMakeFiles/main.dir/C_/Users/Elias/.pico-sdk/sdk/2.1.1/src/rp2_common/pico_clib_interface/newlib_interface.c.obj
                0x10003094                runtime_init
 .text.stdio_out_chars_no_crlf
                0x100030c0       0x10 CMakeFiles/main.dir/C_/Users/Elias/.pico-sdk/sdk/2.1.1/src/rp2_common/pico_stdio/stdio.c.obj
 .text.stdio_out_chars_crlf
                0x100030d0       0xb0 CMakeFiles/main.dir/C_/Users/Elias/.pico-sdk/sdk/2.1.1/src/rp2_common/pico_stdio/stdio.c.obj
 .text.stdio_put_string
                0x10003180       0xfc CMakeFiles/main.dir/C_/Users/Elias/.pico-sdk/sdk/2.1.1/src/rp2_common/pico_stdio/stdio.c.obj
                0x10003180                stdio_put_string
 .text.stdio_set_driver_enabled
                0x1000327c       0x30 CMakeFiles/main.dir/C_/Users/Elias/.pico-sdk/sdk/2.1.1/src/rp2_common/pico_stdio/stdio.c.obj
                0x1000327c                stdio_set_driver_enabled
 .text.stdio_init_all
                0x100032ac        0x8 CMakeFiles/main.dir/C_/Users/Elias/.pico-sdk/sdk/2.1.1/src/rp2_common/pico_stdio/stdio.c.obj
                0x100032ac                stdio_init_all
 .text.__wrap_putchar
                0x100032b4       0x94 CMakeFiles/main.dir/C_/Users/Elias/.pico-sdk/sdk/2.1.1/src/rp2_common/pico_stdio/stdio.c.obj
                0x100032b4                __wrap_putchar
                0x100032b4                stdio_putchar
 .text.__wrap_puts
                0x10003348       0x3c CMakeFiles/main.dir/C_/Users/Elias/.pico-sdk/sdk/2.1.1/src/rp2_common/pico_stdio/stdio.c.obj
                0x10003348                stdio_puts
                0x10003348                __wrap_puts
 .text.resetd_init
                0x10003384        0x4 CMakeFiles/main.dir/C_/Users/Elias/.pico-sdk/sdk/2.1.1/src/rp2_common/pico_stdio_usb/reset_interface.c.obj
 .text.resetd_reset
                0x10003388        0xc CMakeFiles/main.dir/C_/Users/Elias/.pico-sdk/sdk/2.1.1/src/rp2_common/pico_stdio_usb/reset_interface.c.obj
 .text.resetd_open
                0x10003394       0x28 CMakeFiles/main.dir/C_/Users/Elias/.pico-sdk/sdk/2.1.1/src/rp2_common/pico_stdio_usb/reset_interface.c.obj
 .text.resetd_xfer_cb
                0x100033bc        0x4 CMakeFiles/main.dir/C_/Users/Elias/.pico-sdk/sdk/2.1.1/src/rp2_common/pico_stdio_usb/reset_interface.c.obj
 .text.resetd_control_xfer_cb
                0x100033c0       0x54 CMakeFiles/main.dir/C_/Users/Elias/.pico-sdk/sdk/2.1.1/src/rp2_common/pico_stdio_usb/reset_interface.c.obj
 .text.tud_descriptor_bos_cb
                0x10003414        0x8 CMakeFiles/main.dir/C_/Users/Elias/.pico-sdk/sdk/2.1.1/src/rp2_common/pico_stdio_usb/reset_interface.c.obj
                0x10003414                tud_descriptor_bos_cb
 .text.tud_vendor_control_xfer_cb
                0x1000341c       0x34 CMakeFiles/main.dir/C_/Users/Elias/.pico-sdk/sdk/2.1.1/src/rp2_common/pico_stdio_usb/reset_interface.c.obj
                0x1000341c                tud_vendor_control_xfer_cb
 .text.usbd_app_driver_get_cb
                0x10003450        0xc CMakeFiles/main.dir/C_/Users/Elias/.pico-sdk/sdk/2.1.1/src/rp2_common/pico_stdio_usb/reset_interface.c.obj
                0x10003450                usbd_app_driver_get_cb
 .text.tud_cdc_line_coding_cb
                0x1000345c       0x2c CMakeFiles/main.dir/C_/Users/Elias/.pico-sdk/sdk/2.1.1/src/rp2_common/pico_stdio_usb/reset_interface.c.obj
                0x1000345c                tud_cdc_line_coding_cb
 .text.stdio_usb_set_chars_available_callback
                0x10003488       0x14 CMakeFiles/main.dir/C_/Users/Elias/.pico-sdk/sdk/2.1.1/src/rp2_common/pico_stdio_usb/stdio_usb.c.obj
                0x10003488                stdio_usb_set_chars_available_callback
 .text.usb_irq  0x1000349c       0x10 CMakeFiles/main.dir/C_/Users/Elias/.pico-sdk/sdk/2.1.1/src/rp2_common/pico_stdio_usb/stdio_usb.c.obj
 .text.timer_task
                0x100034ac       0x64 CMakeFiles/main.dir/C_/Users/Elias/.pico-sdk/sdk/2.1.1/src/rp2_common/pico_stdio_usb/stdio_usb.c.obj
 .text.stdio_usb_in_chars
                0x10003510       0x8c CMakeFiles/main.dir/C_/Users/Elias/.pico-sdk/sdk/2.1.1/src/rp2_common/pico_stdio_usb/stdio_usb.c.obj
                0x10003510                stdio_usb_in_chars
 .text.stdio_usb_out_flush
                0x1000359c       0x4c CMakeFiles/main.dir/C_/Users/Elias/.pico-sdk/sdk/2.1.1/src/rp2_common/pico_stdio_usb/stdio_usb.c.obj
 .text.stdio_usb_out_chars
                0x100035e8      0x100 CMakeFiles/main.dir/C_/Users/Elias/.pico-sdk/sdk/2.1.1/src/rp2_common/pico_stdio_usb/stdio_usb.c.obj
 .text.low_priority_worker_irq
                0x100036e8       0xc8 CMakeFiles/main.dir/C_/Users/Elias/.pico-sdk/sdk/2.1.1/src/rp2_common/pico_stdio_usb/stdio_usb.c.obj
 .text.stdio_usb_init
                0x100037b0       0xe8 CMakeFiles/main.dir/C_/Users/Elias/.pico-sdk/sdk/2.1.1/src/rp2_common/pico_stdio_usb/stdio_usb.c.obj
                0x100037b0                stdio_usb_init
 .text.tud_descriptor_device_cb
                0x10003898        0x8 CMakeFiles/main.dir/C_/Users/Elias/.pico-sdk/sdk/2.1.1/src/rp2_common/pico_stdio_usb/stdio_usb_descriptors.c.obj
                0x10003898                tud_descriptor_device_cb
 .text.tud_descriptor_configuration_cb
                0x100038a0        0x8 CMakeFiles/main.dir/C_/Users/Elias/.pico-sdk/sdk/2.1.1/src/rp2_common/pico_stdio_usb/stdio_usb_descriptors.c.obj
                0x100038a0                tud_descriptor_configuration_cb
 .text.tud_descriptor_string_cb
                0x100038a8       0x78 CMakeFiles/main.dir/C_/Users/Elias/.pico-sdk/sdk/2.1.1/src/rp2_common/pico_stdio_usb/stdio_usb_descriptors.c.obj
                0x100038a8                tud_descriptor_string_cb
 .text.startup._retrieve_unique_id_on_boot
                0x10003920       0x10 CMakeFiles/main.dir/C_/Users/Elias/.pico-sdk/sdk/2.1.1/src/rp2_common/pico_unique_id/unique_id.c.obj
 .text.pico_get_unique_board_id_string
                0x10003930      0x1a8 CMakeFiles/main.dir/C_/Users/Elias/.pico-sdk/sdk/2.1.1/src/rp2_common/pico_unique_id/unique_id.c.obj
                0x10003930                pico_get_unique_board_id_string
 .text.flash_get_unique_id
                0x10003ad8       0x3c CMakeFiles/main.dir/C_/Users/Elias/.pico-sdk/sdk/2.1.1/src/rp2_common/hardware_flash/flash.c.obj
                0x10003ad8                flash_get_unique_id
 .text.dcd_init
                0x10003b14       0x90 CMakeFiles/main.dir/C_/Users/Elias/.pico-sdk/sdk/2.1.1/lib/tinyusb/src/portable/raspberrypi/rp2040/dcd_rp2040.c.obj
                0x10003b14                dcd_init
 .text.dcd_int_enable
                0x10003ba4        0xc CMakeFiles/main.dir/C_/Users/Elias/.pico-sdk/sdk/2.1.1/lib/tinyusb/src/portable/raspberrypi/rp2040/dcd_rp2040.c.obj
                0x10003ba4                dcd_int_enable
 .text.dcd_set_address
                0x10003bb0       0x14 CMakeFiles/main.dir/C_/Users/Elias/.pico-sdk/sdk/2.1.1/lib/tinyusb/src/portable/raspberrypi/rp2040/dcd_rp2040.c.obj
                0x10003bb0                dcd_set_address
 .text.dcd_sof_enable
                0x10003bc4       0x1c CMakeFiles/main.dir/C_/Users/Elias/.pico-sdk/sdk/2.1.1/lib/tinyusb/src/portable/raspberrypi/rp2040/dcd_rp2040.c.obj
                0x10003bc4                dcd_sof_enable
 .text.dcd_edpt0_status_complete
                0x10003be0       0x1c CMakeFiles/main.dir/C_/Users/Elias/.pico-sdk/sdk/2.1.1/lib/tinyusb/src/portable/raspberrypi/rp2040/dcd_rp2040.c.obj
                0x10003be0                dcd_edpt0_status_complete
 .text.dcd_edpt_open
                0x10003bfc      0x114 CMakeFiles/main.dir/C_/Users/Elias/.pico-sdk/sdk/2.1.1/lib/tinyusb/src/portable/raspberrypi/rp2040/dcd_rp2040.c.obj
                0x10003bfc                dcd_edpt_open
 .text.dcd_edpt_close_all
                0x10003d10        0x8 CMakeFiles/main.dir/C_/Users/Elias/.pico-sdk/sdk/2.1.1/lib/tinyusb/src/portable/raspberrypi/rp2040/dcd_rp2040.c.obj
                0x10003d10                dcd_edpt_close_all
 .text.dcd_edpt_xfer
                0x10003d18       0x24 CMakeFiles/main.dir/C_/Users/Elias/.pico-sdk/sdk/2.1.1/lib/tinyusb/src/portable/raspberrypi/rp2040/dcd_rp2040.c.obj
                0x10003d18                dcd_edpt_xfer
 .text.dcd_edpt_stall
                0x10003d3c       0x3c CMakeFiles/main.dir/C_/Users/Elias/.pico-sdk/sdk/2.1.1/lib/tinyusb/src/portable/raspberrypi/rp2040/dcd_rp2040.c.obj
                0x10003d3c                dcd_edpt_stall
 .text.dcd_edpt_clear_stall
                0x10003d78       0x30 CMakeFiles/main.dir/C_/Users/Elias/.pico-sdk/sdk/2.1.1/lib/tinyusb/src/portable/raspberrypi/rp2040/dcd_rp2040.c.obj
                0x10003d78                dcd_edpt_clear_stall
 .text.rp2040_usb_init
                0x10003da8       0x40 CMakeFiles/main.dir/C_/Users/Elias/.pico-sdk/sdk/2.1.1/lib/tinyusb/src/portable/raspberrypi/rp2040/rp2040_usb.c.obj
                0x10003da8                rp2040_usb_init
 .text.hw_endpoint_xfer_start
                0x10003de8       0x40 CMakeFiles/main.dir/C_/Users/Elias/.pico-sdk/sdk/2.1.1/lib/tinyusb/src/portable/raspberrypi/rp2040/rp2040_usb.c.obj
                0x10003de8                hw_endpoint_xfer_start
 .text.tud_event_hook_cb
                0x10003e28        0x4 CMakeFiles/main.dir/C_/Users/Elias/.pico-sdk/sdk/2.1.1/lib/tinyusb/src/device/usbd.c.obj
                0x10003e28                tud_event_hook_cb
 .text.tud_sof_cb
                0x10003e2c        0x4 CMakeFiles/main.dir/C_/Users/Elias/.pico-sdk/sdk/2.1.1/lib/tinyusb/src/device/usbd.c.obj
                0x10003e2c                tud_sof_cb
 .text.tud_descriptor_device_qualifier_cb
                0x10003e30        0x4 CMakeFiles/main.dir/C_/Users/Elias/.pico-sdk/sdk/2.1.1/lib/tinyusb/src/device/usbd.c.obj
                0x10003e30                tud_descriptor_device_qualifier_cb
 .text.tud_descriptor_other_speed_configuration_cb
                0x10003e34        0x4 CMakeFiles/main.dir/C_/Users/Elias/.pico-sdk/sdk/2.1.1/lib/tinyusb/src/device/usbd.c.obj
                0x10003e34                tud_descriptor_other_speed_configuration_cb
 .text.tud_mount_cb
                0x10003e38        0x4 CMakeFiles/main.dir/C_/Users/Elias/.pico-sdk/sdk/2.1.1/lib/tinyusb/src/device/usbd.c.obj
                0x10003e38                tud_mount_cb
 .text.tud_umount_cb
                0x10003e3c        0x4 CMakeFiles/main.dir/C_/Users/Elias/.pico-sdk/sdk/2.1.1/lib/tinyusb/src/device/usbd.c.obj
                0x10003e3c                tud_umount_cb
 .text.tud_suspend_cb
                0x10003e40        0x4 CMakeFiles/main.dir/C_/Users/Elias/.pico-sdk/sdk/2.1.1/lib/tinyusb/src/device/usbd.c.obj
                0x10003e40                tud_suspend_cb
 .text.tud_resume_cb
                0x10003e44        0x4 CMakeFiles/main.dir/C_/Users/Elias/.pico-sdk/sdk/2.1.1/lib/tinyusb/src/device/usbd.c.obj
                0x10003e44                tud_resume_cb
 .text.tud_mounted
                0x10003e48       0x10 CMakeFiles/main.dir/C_/Users/Elias/.pico-sdk/sdk/2.1.1/lib/tinyusb/src/device/usbd.c.obj
                0x10003e48                tud_mounted
 .text.tud_suspended
                0x10003e58       0x10 CMakeFiles/main.dir/C_/Users/Elias/.pico-sdk/sdk/2.1.1/lib/tinyusb/src/device/usbd.c.obj
                0x10003e58                tud_suspended
 .text.tud_rhport_init
                0x10003e68       0xf4 CMakeFiles/main.dir/C_/Users/Elias/.pico-sdk/sdk/2.1.1/lib/tinyusb/src/device/usbd.c.obj
                0x10003e68                tud_rhport_init
 .text.tud_task_ext
                0x10003f5c      0x800 CMakeFiles/main.dir/C_/Users/Elias/.pico-sdk/sdk/2.1.1/lib/tinyusb/src/device/usbd.c.obj
                0x10003f5c                tud_task_ext
 .text.usbd_open_edpt_pair
                0x1000475c       0x9c CMakeFiles/main.dir/C_/Users/Elias/.pico-sdk/sdk/2.1.1/lib/tinyusb/src/device/usbd.c.obj
                0x1000475c                usbd_open_edpt_pair
 .text.usbd_edpt_open
                0x100047f8       0x34 CMakeFiles/main.dir/C_/Users/Elias/.pico-sdk/sdk/2.1.1/lib/tinyusb/src/device/usbd.c.obj
                0x100047f8                usbd_edpt_open
 .text.usbd_edpt_claim
                0x1000482c       0x28 CMakeFiles/main.dir/C_/Users/Elias/.pico-sdk/sdk/2.1.1/lib/tinyusb/src/device/usbd.c.obj
                0x1000482c                usbd_edpt_claim
 .text.usbd_edpt_release
                0x10004854       0x28 CMakeFiles/main.dir/C_/Users/Elias/.pico-sdk/sdk/2.1.1/lib/tinyusb/src/device/usbd.c.obj
                0x10004854                usbd_edpt_release
 .text.usbd_edpt_xfer
                0x1000487c       0x4c CMakeFiles/main.dir/C_/Users/Elias/.pico-sdk/sdk/2.1.1/lib/tinyusb/src/device/usbd.c.obj
                0x1000487c                usbd_edpt_xfer
 .text.tud_control_status
                0x100048c8       0x2c CMakeFiles/main.dir/C_/Users/Elias/.pico-sdk/sdk/2.1.1/lib/tinyusb/src/device/usbd_control.c.obj
                0x100048c8                tud_control_status
 .text.tud_control_xfer
                0x100048f4       0xa8 CMakeFiles/main.dir/C_/Users/Elias/.pico-sdk/sdk/2.1.1/lib/tinyusb/src/device/usbd_control.c.obj
                0x100048f4                tud_control_xfer
 .text.usbd_control_reset
                0x1000499c       0x14 CMakeFiles/main.dir/C_/Users/Elias/.pico-sdk/sdk/2.1.1/lib/tinyusb/src/device/usbd_control.c.obj
                0x1000499c                usbd_control_reset
 .text.usbd_control_set_complete_callback
                0x100049b0        0xc CMakeFiles/main.dir/C_/Users/Elias/.pico-sdk/sdk/2.1.1/lib/tinyusb/src/device/usbd_control.c.obj
                0x100049b0                usbd_control_set_complete_callback
 .text.usbd_control_set_request
                0x100049bc       0x1c CMakeFiles/main.dir/C_/Users/Elias/.pico-sdk/sdk/2.1.1/lib/tinyusb/src/device/usbd_control.c.obj
                0x100049bc                usbd_control_set_request
 .text.usbd_control_xfer_cb
                0x100049d8       0xec CMakeFiles/main.dir/C_/Users/Elias/.pico-sdk/sdk/2.1.1/lib/tinyusb/src/device/usbd_control.c.obj
                0x100049d8                usbd_control_xfer_cb
 .text._prep_out_transaction.isra.0
                0x10004ac4       0x6c CMakeFiles/main.dir/C_/Users/Elias/.pico-sdk/sdk/2.1.1/lib/tinyusb/src/class/cdc/cdc_device.c.obj
 .text.tud_cdc_n_connected
                0x10004b30       0x2c CMakeFiles/main.dir/C_/Users/Elias/.pico-sdk/sdk/2.1.1/lib/tinyusb/src/class/cdc/cdc_device.c.obj
                0x10004b30                tud_cdc_n_connected
 .text.tud_cdc_n_available
                0x10004b5c       0x14 CMakeFiles/main.dir/C_/Users/Elias/.pico-sdk/sdk/2.1.1/lib/tinyusb/src/class/cdc/cdc_device.c.obj
                0x10004b5c                tud_cdc_n_available
 .text.tud_cdc_n_read
                0x10004b70       0x88 CMakeFiles/main.dir/C_/Users/Elias/.pico-sdk/sdk/2.1.1/lib/tinyusb/src/class/cdc/cdc_device.c.obj
                0x10004b70                tud_cdc_n_read
 .text.tud_cdc_n_write_flush
                0x10004bf8       0x74 CMakeFiles/main.dir/C_/Users/Elias/.pico-sdk/sdk/2.1.1/lib/tinyusb/src/class/cdc/cdc_device.c.obj
                0x10004bf8                tud_cdc_n_write_flush
 .text.tud_cdc_n_write
                0x10004c6c       0x40 CMakeFiles/main.dir/C_/Users/Elias/.pico-sdk/sdk/2.1.1/lib/tinyusb/src/class/cdc/cdc_device.c.obj
                0x10004c6c                tud_cdc_n_write
 .text.tud_cdc_n_write_available
                0x10004cac       0x14 CMakeFiles/main.dir/C_/Users/Elias/.pico-sdk/sdk/2.1.1/lib/tinyusb/src/class/cdc/cdc_device.c.obj
                0x10004cac                tud_cdc_n_write_available
 .text.cdcd_init
                0x10004cc0       0x70 CMakeFiles/main.dir/C_/Users/Elias/.pico-sdk/sdk/2.1.1/lib/tinyusb/src/class/cdc/cdc_device.c.obj
                0x10004cc0                cdcd_init
 .text.cdcd_deinit
                0x10004d30       0x30 CMakeFiles/main.dir/C_/Users/Elias/.pico-sdk/sdk/2.1.1/lib/tinyusb/src/class/cdc/cdc_device.c.obj
                0x10004d30                cdcd_deinit
 .text.cdcd_reset
                0x10004d60       0x4c CMakeFiles/main.dir/C_/Users/Elias/.pico-sdk/sdk/2.1.1/lib/tinyusb/src/class/cdc/cdc_device.c.obj
                0x10004d60                cdcd_reset
 .text.cdcd_open
                0x10004dac       0xa4 CMakeFiles/main.dir/C_/Users/Elias/.pico-sdk/sdk/2.1.1/lib/tinyusb/src/class/cdc/cdc_device.c.obj
                0x10004dac                cdcd_open
 .text.cdcd_control_xfer_cb
                0x10004e50       0xe8 CMakeFiles/main.dir/C_/Users/Elias/.pico-sdk/sdk/2.1.1/lib/tinyusb/src/class/cdc/cdc_device.c.obj
                0x10004e50                cdcd_control_xfer_cb
 .text.cdcd_xfer_cb
                0x10004f38      0x100 CMakeFiles/main.dir/C_/Users/Elias/.pico-sdk/sdk/2.1.1/lib/tinyusb/src/class/cdc/cdc_device.c.obj
                0x10004f38                cdcd_xfer_cb
 .text.vendord_init
                0x10005038       0x5c CMakeFiles/main.dir/C_/Users/Elias/.pico-sdk/sdk/2.1.1/lib/tinyusb/src/class/vendor/vendor_device.c.obj
                0x10005038                vendord_init
 .text.vendord_deinit
                0x10005094       0x1c CMakeFiles/main.dir/C_/Users/Elias/.pico-sdk/sdk/2.1.1/lib/tinyusb/src/class/vendor/vendor_device.c.obj
                0x10005094                vendord_deinit
 .text.vendord_reset
                0x100050b0       0x28 CMakeFiles/main.dir/C_/Users/Elias/.pico-sdk/sdk/2.1.1/lib/tinyusb/src/class/vendor/vendor_device.c.obj
                0x100050b0                vendord_reset
 .text.vendord_open
                0x100050d8      0x120 CMakeFiles/main.dir/C_/Users/Elias/.pico-sdk/sdk/2.1.1/lib/tinyusb/src/class/vendor/vendor_device.c.obj
                0x100050d8                vendord_open
 .text.vendord_xfer_cb
                0x100051f8       0x9c CMakeFiles/main.dir/C_/Users/Elias/.pico-sdk/sdk/2.1.1/lib/tinyusb/src/class/vendor/vendor_device.c.obj
                0x100051f8                vendord_xfer_cb
 .text.tusb_rhport_init
                0x10005294       0x4c CMakeFiles/main.dir/C_/Users/Elias/.pico-sdk/sdk/2.1.1/lib/tinyusb/src/tusb.c.obj
                0x10005294                tusb_rhport_init
 .text.tu_edpt_claim
                0x100052e0       0x50 CMakeFiles/main.dir/C_/Users/Elias/.pico-sdk/sdk/2.1.1/lib/tinyusb/src/tusb.c.obj
                0x100052e0                tu_edpt_claim
 .text.tu_edpt_release
                0x10005330       0x38 CMakeFiles/main.dir/C_/Users/Elias/.pico-sdk/sdk/2.1.1/lib/tinyusb/src/tusb.c.obj
                0x10005330                tu_edpt_release
 .text.tu_edpt_validate
                0x10005368       0x7c CMakeFiles/main.dir/C_/Users/Elias/.pico-sdk/sdk/2.1.1/lib/tinyusb/src/tusb.c.obj
                0x10005368                tu_edpt_validate
 .text.tu_edpt_bind_driver
                0x100053e4       0x34 CMakeFiles/main.dir/C_/Users/Elias/.pico-sdk/sdk/2.1.1/lib/tinyusb/src/tusb.c.obj
                0x100053e4                tu_edpt_bind_driver
 .text.tu_edpt_stream_init
                0x10005418       0x6c CMakeFiles/main.dir/C_/Users/Elias/.pico-sdk/sdk/2.1.1/lib/tinyusb/src/tusb.c.obj
                0x10005418                tu_edpt_stream_init
 .text.tu_edpt_stream_deinit
                0x10005484        0x4 CMakeFiles/main.dir/C_/Users/Elias/.pico-sdk/sdk/2.1.1/lib/tinyusb/src/tusb.c.obj
                0x10005484                tu_edpt_stream_deinit
 .text.tu_edpt_stream_write_zlp_if_needed
                0x10005488       0x68 CMakeFiles/main.dir/C_/Users/Elias/.pico-sdk/sdk/2.1.1/lib/tinyusb/src/tusb.c.obj
                0x10005488                tu_edpt_stream_write_zlp_if_needed
 .text.tu_edpt_stream_write_xfer
                0x100054f0       0x68 CMakeFiles/main.dir/C_/Users/Elias/.pico-sdk/sdk/2.1.1/lib/tinyusb/src/tusb.c.obj
                0x100054f0                tu_edpt_stream_write_xfer
 .text.tu_edpt_stream_read_xfer
                0x10005558       0xd8 CMakeFiles/main.dir/C_/Users/Elias/.pico-sdk/sdk/2.1.1/lib/tinyusb/src/tusb.c.obj
                0x10005558                tu_edpt_stream_read_xfer
 .text.tu_fifo_config
                0x10005630       0x6c CMakeFiles/main.dir/C_/Users/Elias/.pico-sdk/sdk/2.1.1/lib/tinyusb/src/common/tusb_fifo.c.obj
                0x10005630                tu_fifo_config
 .text.tu_fifo_count
                0x1000569c       0x2c CMakeFiles/main.dir/C_/Users/Elias/.pico-sdk/sdk/2.1.1/lib/tinyusb/src/common/tusb_fifo.c.obj
                0x1000569c                tu_fifo_count
 .text.tu_fifo_empty
                0x100056c8       0x10 CMakeFiles/main.dir/C_/Users/Elias/.pico-sdk/sdk/2.1.1/lib/tinyusb/src/common/tusb_fifo.c.obj
                0x100056c8                tu_fifo_empty
 .text.tu_fifo_remaining
                0x100056d8       0x2c CMakeFiles/main.dir/C_/Users/Elias/.pico-sdk/sdk/2.1.1/lib/tinyusb/src/common/tusb_fifo.c.obj
                0x100056d8                tu_fifo_remaining
 .text.tu_fifo_read
                0x10005704       0x9c CMakeFiles/main.dir/C_/Users/Elias/.pico-sdk/sdk/2.1.1/lib/tinyusb/src/common/tusb_fifo.c.obj
                0x10005704                tu_fifo_read
 .text.tu_fifo_read_n
                0x100057a0       0xe8 CMakeFiles/main.dir/C_/Users/Elias/.pico-sdk/sdk/2.1.1/lib/tinyusb/src/common/tusb_fifo.c.obj
                0x100057a0                tu_fifo_read_n
 .text.tu_fifo_write
                0x10005888       0xa4 CMakeFiles/main.dir/C_/Users/Elias/.pico-sdk/sdk/2.1.1/lib/tinyusb/src/common/tusb_fifo.c.obj
                0x10005888                tu_fifo_write
 .text.tu_fifo_write_n
                0x1000592c      0x178 CMakeFiles/main.dir/C_/Users/Elias/.pico-sdk/sdk/2.1.1/lib/tinyusb/src/common/tusb_fifo.c.obj
                0x1000592c                tu_fifo_write_n
 .text.tu_fifo_clear
                0x10005aa4       0x40 CMakeFiles/main.dir/C_/Users/Elias/.pico-sdk/sdk/2.1.1/lib/tinyusb/src/common/tusb_fifo.c.obj
                0x10005aa4                tu_fifo_clear
 .text.tu_fifo_set_overwritable
                0x10005ae4       0x48 CMakeFiles/main.dir/C_/Users/Elias/.pico-sdk/sdk/2.1.1/lib/tinyusb/src/common/tusb_fifo.c.obj
                0x10005ae4                tu_fifo_set_overwritable
 .text.pio_claim_unused_sm
                0x10005b2c       0x38 CMakeFiles/main.dir/C_/Users/Elias/.pico-sdk/sdk/2.1.1/src/rp2_common/hardware_pio/pio.c.obj
                0x10005b2c                pio_claim_unused_sm
 .text.pio_add_program
                0x10005b64       0xf8 CMakeFiles/main.dir/C_/Users/Elias/.pico-sdk/sdk/2.1.1/src/rp2_common/hardware_pio/pio.c.obj
                0x10005b64                pio_add_program
 .text.pio_sm_set_consecutive_pindirs
                0x10005c5c       0xb4 CMakeFiles/main.dir/C_/Users/Elias/.pico-sdk/sdk/2.1.1/src/rp2_common/hardware_pio/pio.c.obj
                0x10005c5c                pio_sm_set_consecutive_pindirs
 .text.pio_sm_init
                0x10005d10       0x9c CMakeFiles/main.dir/C_/Users/Elias/.pico-sdk/sdk/2.1.1/src/rp2_common/hardware_pio/pio.c.obj
                0x10005d10                pio_sm_init
 .text.malloc   0x10005dac       0x14 C:/Users/Elias/.pico-sdk/toolchain/14_2_Rel1/bin/../lib/gcc/arm-none-eabi/14.2.1/thumb/v6-m/nofp\libg.a(libc_a-malloc.o)
                0x10005dac                malloc
 .text.free     0x10005dc0       0x14 C:/Users/Elias/.pico-sdk/toolchain/14_2_Rel1/bin/../lib/gcc/arm-none-eabi/14.2.1/thumb/v6-m/nofp\libg.a(libc_a-malloc.o)
                0x10005dc0                free
 .text._malloc_r
                0x10005dd4      0x5cc C:/Users/Elias/.pico-sdk/toolchain/14_2_Rel1/bin/../lib/gcc/arm-none-eabi/14.2.1/thumb/v6-m/nofp\libg.a(libc_a-mallocr.o)
                0x10005dd4                _malloc_r
 .text.__malloc_lock
                0x100063a0       0x10 C:/Users/Elias/.pico-sdk/toolchain/14_2_Rel1/bin/../lib/gcc/arm-none-eabi/14.2.1/thumb/v6-m/nofp\libg.a(libc_a-mlock.o)
                0x100063a0                __malloc_lock
 .text.__malloc_unlock
                0x100063b0       0x10 C:/Users/Elias/.pico-sdk/toolchain/14_2_Rel1/bin/../lib/gcc/arm-none-eabi/14.2.1/thumb/v6-m/nofp\libg.a(libc_a-mlock.o)
                0x100063b0                __malloc_unlock
 .text._sbrk_r  0x100063c0       0x24 C:/Users/Elias/.pico-sdk/toolchain/14_2_Rel1/bin/../lib/gcc/arm-none-eabi/14.2.1/thumb/v6-m/nofp\libg.a(libc_a-sbrkr.o)
                0x100063c0                _sbrk_r
 .text.__errno  0x100063e4        0xc C:/Users/Elias/.pico-sdk/toolchain/14_2_Rel1/bin/../lib/gcc/arm-none-eabi/14.2.1/thumb/v6-m/nofp\libg.a(libc_a-errno.o)
                0x100063e4                __errno
 .text.__retarget_lock_acquire_recursive
                0x100063f0        0x4 C:/Users/Elias/.pico-sdk/toolchain/14_2_Rel1/bin/../lib/gcc/arm-none-eabi/14.2.1/thumb/v6-m/nofp\libg.a(libc_a-lock.o)
                0x100063f0                __retarget_lock_acquire_recursive
 .text.__retarget_lock_release_recursive
                0x100063f4        0x4 C:/Users/Elias/.pico-sdk/toolchain/14_2_Rel1/bin/../lib/gcc/arm-none-eabi/14.2.1/thumb/v6-m/nofp\libg.a(libc_a-lock.o)
                0x100063f4                __retarget_lock_release_recursive
 .text.sysconf  0x100063f8       0x1c C:/Users/Elias/.pico-sdk/toolchain/14_2_Rel1/bin/../lib/gcc/arm-none-eabi/14.2.1/thumb/v6-m/nofp\libg.a(libc_a-sysconf.o)
                0x100063f8                sysconf
 .text.strlen   0x10006414       0x5c C:/Users/Elias/.pico-sdk/toolchain/14_2_Rel1/bin/../lib/gcc/arm-none-eabi/14.2.1/thumb/v6-m/nofp\libg.a(libc_a-strlen-stub.o)
                0x10006414                strlen
 .text._malloc_trim_r
                0x10006470       0xb4 C:/Users/Elias/.pico-sdk/toolchain/14_2_Rel1/bin/../lib/gcc/arm-none-eabi/14.2.1/thumb/v6-m/nofp\libg.a(libc_a-freer.o)
                0x10006470                _malloc_trim_r
 .text._free_r  0x10006524      0x1f0 C:/Users/Elias/.pico-sdk/toolchain/14_2_Rel1/bin/../lib/gcc/arm-none-eabi/14.2.1/thumb/v6-m/nofp\libg.a(libc_a-freer.o)
                0x10006524                _free_r
 *(.fini)
 .fini          0x10006714        0x4 C:/Users/Elias/.pico-sdk/toolchain/14_2_Rel1/bin/../lib/gcc/arm-none-eabi/14.2.1/thumb/v6-m/nofp/crti.o
                0x10006714                _fini
 .fini.__stub   0x10006718       0xb0 linker stubs
 *crtbegin.o(.ctors)
 *crtbegin?.o(.ctors)
 *(EXCLUDE_FILE(*crtend.o *crtend?.o) .ctors)
 *(SORT_BY_NAME(.ctors.*))
 *(.ctors)
 *crtbegin.o(.dtors)
 *crtbegin?.o(.dtors)
 *(EXCLUDE_FILE(*crtend.o *crtend?.o) .dtors)
 *(SORT_BY_NAME(.dtors.*))
 *(.dtors)
                0x100067c8                        . = ALIGN (0x4)
                0x100067c8                        PROVIDE (__preinit_array_start = .)
 *(SORT_BY_NAME(.preinit_array.*))
 .preinit_array.00100
                0x100067c8        0x4 CMakeFiles/main.dir/C_/Users/Elias/.pico-sdk/sdk/2.1.1/src/rp2_common/pico_runtime_init/runtime_init.c.obj
                0x100067c8                __pre_init_runtime_init_early_resets
 .preinit_array.00101
                0x100067cc        0x4 CMakeFiles/main.dir/C_/Users/Elias/.pico-sdk/sdk/2.1.1/src/rp2_common/pico_runtime_init/runtime_init.c.obj
                0x100067cc                __pre_init_runtime_init_usb_power_down
 .preinit_array.00275
                0x100067d0        0x4 CMakeFiles/main.dir/C_/Users/Elias/.pico-sdk/sdk/2.1.1/src/rp2_common/pico_bit_ops/bit_ops_aeabi.S.obj
 .preinit_array.00300
                0x100067d4        0x4 CMakeFiles/main.dir/C_/Users/Elias/.pico-sdk/sdk/2.1.1/src/rp2_common/pico_mem_ops/mem_ops_aeabi.S.obj
 .preinit_array.00350
                0x100067d8        0x4 CMakeFiles/main.dir/C_/Users/Elias/.pico-sdk/sdk/2.1.1/src/rp2_common/pico_double/double_aeabi_rp2040.S.obj
 .preinit_array.00350
                0x100067dc        0x4 CMakeFiles/main.dir/C_/Users/Elias/.pico-sdk/sdk/2.1.1/src/rp2_common/pico_float/float_aeabi_rp2040.S.obj
 .preinit_array.00500
                0x100067e0        0x4 CMakeFiles/main.dir/C_/Users/Elias/.pico-sdk/sdk/2.1.1/src/rp2_common/pico_runtime_init/runtime_init.c.obj
                0x100067e0                __pre_init_runtime_init_clocks
 .preinit_array.00600
                0x100067e4        0x4 CMakeFiles/main.dir/C_/Users/Elias/.pico-sdk/sdk/2.1.1/src/rp2_common/pico_runtime_init/runtime_init.c.obj
                0x100067e4                __pre_init_runtime_init_post_clock_resets
 .preinit_array.00700
                0x100067e8        0x4 CMakeFiles/main.dir/C_/Users/Elias/.pico-sdk/sdk/2.1.1/src/rp2_common/pico_runtime_init/runtime_init.c.obj
                0x100067e8                __pre_init_runtime_init_rp2040_gpio_ie_disable
 .preinit_array.01000
                0x100067ec        0x4 CMakeFiles/main.dir/C_/Users/Elias/.pico-sdk/sdk/2.1.1/src/rp2_common/pico_runtime_init/runtime_init.c.obj
                0x100067ec                __pre_init_runtime_init_spin_locks_reset
 .preinit_array.01100
                0x100067f0        0x4 CMakeFiles/main.dir/C_/Users/Elias/.pico-sdk/sdk/2.1.1/src/common/pico_sync/mutex.c.obj
                0x100067f0                __pre_init_runtime_init_mutex
 .preinit_array.10080
                0x100067f4        0x4 CMakeFiles/main.dir/C_/Users/Elias/.pico-sdk/sdk/2.1.1/src/rp2_common/pico_runtime_init/runtime_init.c.obj
                0x100067f4                __pre_init_runtime_init_install_ram_vector_table
 .preinit_array.11000
                0x100067f8        0x4 CMakeFiles/main.dir/C_/Users/Elias/.pico-sdk/sdk/2.1.1/src/common/pico_time/time.c.obj
                0x100067f8                __pre_init_runtime_init_default_alarm_pool
 .preinit_array.YYYYY
                0x100067fc        0x4 CMakeFiles/main.dir/C_/Users/Elias/.pico-sdk/sdk/2.1.1/src/rp2_common/pico_runtime/runtime.c.obj
                0x100067fc                __pre_init_first_per_core_initializer
 .preinit_array.ZZZZZ.01200
                0x10006800        0x4 CMakeFiles/main.dir/C_/Users/Elias/.pico-sdk/sdk/2.1.1/src/rp2_common/hardware_irq/irq.c.obj
                0x10006800                __pre_init_runtime_init_per_core_irq_priorities
 *(.preinit_array)
                0x10006804                        PROVIDE (__preinit_array_end = .)
                0x10006804                        . = ALIGN (0x4)
                0x10006804                        PROVIDE (__init_array_start = .)
 *(SORT_BY_NAME(.init_array.*))
 *(.init_array)
 .init_array    0x10006804        0x4 C:/Users/Elias/.pico-sdk/toolchain/14_2_Rel1/bin/../lib/gcc/arm-none-eabi/14.2.1/thumb/v6-m/nofp/crtbegin.o
 .init_array    0x10006808        0x4 CMakeFiles/main.dir/C_/Users/Elias/.pico-sdk/sdk/2.1.1/src/rp2_common/pico_unique_id/unique_id.c.obj
                0x1000680c                        PROVIDE (__init_array_end = .)
                0x1000680c                        . = ALIGN (0x4)
                [!provide]                        PROVIDE (__fini_array_start = .)
 *(SORT_BY_NAME(.fini_array.*))
 *(.fini_array)
                [!provide]                        PROVIDE (__fini_array_end = .)
 *(.eh_frame*)
 .eh_frame      0x1000680c        0x0 C:/Users/Elias/.pico-sdk/toolchain/14_2_Rel1/bin/../lib/gcc/arm-none-eabi/14.2.1/thumb/v6-m/nofp/crtbegin.o
                0x1000680c                        . = ALIGN (0x4)

.glue_7         0x1000680c        0x0
 .glue_7        0x1000680c        0x0 linker stubs

.glue_7t        0x1000680c        0x0
 .glue_7t       0x1000680c        0x0 linker stubs

.vfp11_veneer   0x1000680c        0x0
 .vfp11_veneer  0x1000680c        0x0 linker stubs

.v4_bx          0x1000680c        0x0
 .v4_bx         0x1000680c        0x0 linker stubs

.iplt           0x1000680c        0x0
 .iplt          0x1000680c        0x0 C:/Users/Elias/.pico-sdk/toolchain/14_2_Rel1/bin/../lib/gcc/arm-none-eabi/14.2.1/thumb/v6-m/nofp/crtbegin.o

.rodata         0x10006810      0x6d8
 *(EXCLUDE_FILE(*libm.a: *libc.a:*lib_a-mem*.o *libgcc.a:) .rodata*)
 .rodata.criar_frase_da_string
                0x10006810       0xe8 CMakeFiles/main.dir/main.c.obj
 .rodata.inicializar_sistema.str1.4
                0x100068f8      0x1f4 CMakeFiles/main.dir/main.c.obj
                                 0x42 (size before relaxing)
 .rodata.main.str1.4
                0x10006aec        0xa CMakeFiles/main.dir/main.c.obj
 .rodata.main_program
                0x10006aec        0x8 CMakeFiles/main.dir/main.c.obj
 .rodata.main_program_instructions
                0x10006af4        0xe CMakeFiles/main.dir/main.c.obj
 *fill*         0x10006b02        0x6 
 .rodata        0x10006b08       0x18 CMakeFiles/main.dir/main.c.obj
 .rodata.panic.str1.4
                0x10006b20       0x12 CMakeFiles/main.dir/C_/Users/Elias/.pico-sdk/sdk/2.1.1/src/rp2_common/pico_platform_panic/panic.c.obj
 .rodata.spin_lock_claim_unused.str1.4
                0x10006b20       0x1b CMakeFiles/main.dir/C_/Users/Elias/.pico-sdk/sdk/2.1.1/src/rp2_common/hardware_sync/sync.c.obj
 .rodata.user_irq_claim_unused.str1.4
                0x10006b20       0x1b CMakeFiles/main.dir/C_/Users/Elias/.pico-sdk/sdk/2.1.1/src/rp2_common/hardware_irq/irq.c.obj
 .rodata.timer_hardware_alarm_claim.str1.4
                0x10006b20       0x22 CMakeFiles/main.dir/C_/Users/Elias/.pico-sdk/sdk/2.1.1/src/rp2_common/hardware_timer/timer.c.obj
 .rodata.hard_assertion_failure.str1.4
                0x10006b20        0xc CMakeFiles/main.dir/C_/Users/Elias/.pico-sdk/sdk/2.1.1/src/rp2_common/pico_runtime/runtime.c.obj
 .rodata.missing_double_func_shim.str1.4
                0x10006b20       0x18 CMakeFiles/main.dir/C_/Users/Elias/.pico-sdk/sdk/2.1.1/src/rp2_common/pico_double/double_init_rom_rp2040.c.obj
 .rodata.missing_float_func_shim.str1.4
                0x10006b20        0x1 CMakeFiles/main.dir/C_/Users/Elias/.pico-sdk/sdk/2.1.1/src/rp2_common/pico_float/float_init_rom_rp2040.c.obj
 .rodata.__wrap_malloc.str1.4
                0x10006b20        0xe CMakeFiles/main.dir/C_/Users/Elias/.pico-sdk/sdk/2.1.1/src/rp2_common/pico_malloc/malloc.c.obj
 .rodata.str1.4
                0x10006b20       0x40 CMakeFiles/main.dir/C_/Users/Elias/.pico-sdk/sdk/2.1.1/src/rp2_common/pico_standard_binary_info/standard_binary_info.c.obj
 .rodata.__bi_84
                0x10006b20        0xc CMakeFiles/main.dir/C_/Users/Elias/.pico-sdk/sdk/2.1.1/src/rp2_common/pico_standard_binary_info/standard_binary_info.c.obj
 .rodata.__bi_78
                0x10006b2c        0xc CMakeFiles/main.dir/C_/Users/Elias/.pico-sdk/sdk/2.1.1/src/rp2_common/pico_standard_binary_info/standard_binary_info.c.obj
 .rodata.__bi_60
                0x10006b38        0xc CMakeFiles/main.dir/C_/Users/Elias/.pico-sdk/sdk/2.1.1/src/rp2_common/pico_standard_binary_info/standard_binary_info.c.obj
 .rodata.__bi_54
                0x10006b44        0xc CMakeFiles/main.dir/C_/Users/Elias/.pico-sdk/sdk/2.1.1/src/rp2_common/pico_standard_binary_info/standard_binary_info.c.obj
 .rodata.__bi_48
                0x10006b50        0xc CMakeFiles/main.dir/C_/Users/Elias/.pico-sdk/sdk/2.1.1/src/rp2_common/pico_standard_binary_info/standard_binary_info.c.obj
 .rodata.__bi_42
                0x10006b5c        0xc CMakeFiles/main.dir/C_/Users/Elias/.pico-sdk/sdk/2.1.1/src/rp2_common/pico_standard_binary_info/standard_binary_info.c.obj
 .rodata.__bi_34
                0x10006b68        0xc CMakeFiles/main.dir/C_/Users/Elias/.pico-sdk/sdk/2.1.1/src/rp2_common/pico_standard_binary_info/standard_binary_info.c.obj
 .rodata.__bi_26
                0x10006b74        0xc CMakeFiles/main.dir/C_/Users/Elias/.pico-sdk/sdk/2.1.1/src/rp2_common/pico_standard_binary_info/standard_binary_info.c.obj
 .rodata.crlf_str.0
                0x10006b80        0x2 CMakeFiles/main.dir/C_/Users/Elias/.pico-sdk/sdk/2.1.1/src/rp2_common/pico_stdio/stdio.c.obj
 *fill*         0x10006b82        0x2 
 .rodata._resetd_driver
                0x10006b84       0x20 CMakeFiles/main.dir/C_/Users/Elias/.pico-sdk/sdk/2.1.1/src/rp2_common/pico_stdio_usb/reset_interface.c.obj
 .rodata.desc_ms_os_20
                0x10006ba4       0xa6 CMakeFiles/main.dir/C_/Users/Elias/.pico-sdk/sdk/2.1.1/src/rp2_common/pico_stdio_usb/reset_interface.c.obj
 *fill*         0x10006c4a        0x2 
 .rodata.desc_bos
                0x10006c4c       0x21 CMakeFiles/main.dir/C_/Users/Elias/.pico-sdk/sdk/2.1.1/src/rp2_common/pico_stdio_usb/reset_interface.c.obj
                0x10006c4c                desc_bos
 .rodata.str1.4
                0x10006c6d       0x13 CMakeFiles/main.dir/C_/Users/Elias/.pico-sdk/sdk/2.1.1/src/rp2_common/pico_stdio_usb/stdio_usb.c.obj
 *fill*         0x10006c6d        0x3 
 .rodata.__bi_197.0
                0x10006c70        0xc CMakeFiles/main.dir/C_/Users/Elias/.pico-sdk/sdk/2.1.1/src/rp2_common/pico_stdio_usb/stdio_usb.c.obj
 .rodata.str1.4
                0x10006c7c       0x2a CMakeFiles/main.dir/C_/Users/Elias/.pico-sdk/sdk/2.1.1/src/rp2_common/pico_stdio_usb/stdio_usb_descriptors.c.obj
 .rodata.usbd_desc_str
                0x10006c7c       0x18 CMakeFiles/main.dir/C_/Users/Elias/.pico-sdk/sdk/2.1.1/src/rp2_common/pico_stdio_usb/stdio_usb_descriptors.c.obj
 .rodata.usbd_desc_cfg
                0x10006c94       0x54 CMakeFiles/main.dir/C_/Users/Elias/.pico-sdk/sdk/2.1.1/src/rp2_common/pico_stdio_usb/stdio_usb_descriptors.c.obj
 .rodata.usbd_desc_device
                0x10006ce8       0x12 CMakeFiles/main.dir/C_/Users/Elias/.pico-sdk/sdk/2.1.1/src/rp2_common/pico_stdio_usb/stdio_usb_descriptors.c.obj
 .rodata.str1.4
                0x10006cfa       0x14 CMakeFiles/main.dir/C_/Users/Elias/.pico-sdk/sdk/2.1.1/lib/tinyusb/src/portable/raspberrypi/rp2040/dcd_rp2040.c.obj
 .rodata.str1.4
                0x10006cfa       0x48 CMakeFiles/main.dir/C_/Users/Elias/.pico-sdk/sdk/2.1.1/lib/tinyusb/src/portable/raspberrypi/rp2040/rp2040_usb.c.obj
 *fill*         0x10006cfa        0x2 
 .rodata.tud_task_ext
                0x10006cfc       0x8c CMakeFiles/main.dir/C_/Users/Elias/.pico-sdk/sdk/2.1.1/lib/tinyusb/src/device/usbd.c.obj
 .rodata        0x10006d88       0x1c CMakeFiles/main.dir/C_/Users/Elias/.pico-sdk/sdk/2.1.1/lib/tinyusb/src/device/usbd.c.obj
 .rodata._usbd_driver
                0x10006da4       0x40 CMakeFiles/main.dir/C_/Users/Elias/.pico-sdk/sdk/2.1.1/lib/tinyusb/src/device/usbd.c.obj
 .rodata.pio_claim_unused_sm.str1.4
                0x10006de4       0x24 CMakeFiles/main.dir/C_/Users/Elias/.pico-sdk/sdk/2.1.1/src/rp2_common/hardware_pio/pio.c.obj
 .rodata._ctype_
                0x10006de4      0x101 C:/Users/Elias/.pico-sdk/toolchain/14_2_Rel1/bin/../lib/gcc/arm-none-eabi/14.2.1/thumb/v6-m/nofp\libg.a(libc_a-ctype_.o)
                0x10006de4                _ctype_
                0x10006ee8                        . = ALIGN (0x4)
 *fill*         0x10006ee5        0x3 
 *(SORT_BY_ALIGNMENT(SORT_BY_NAME(.flashdata*)))
                0x10006ee8                        . = ALIGN (0x4)

.ARM.extab
 *(.ARM.extab* .gnu.linkonce.armextab.*)
                0x10006ee8                        __exidx_start = .

.ARM.exidx
 *(.ARM.exidx* .gnu.linkonce.armexidx.*)
                0x10006ee8                        __exidx_end = .
                0x10006ee8                        . = ALIGN (0x4)
                0x10006ee8                        __binary_info_start = .

.binary_info    0x10006ee8       0x24
 *(.binary_info.keep.*)
 .binary_info.keep.__bi_ptr84
                0x10006ee8        0x4 CMakeFiles/main.dir/C_/Users/Elias/.pico-sdk/sdk/2.1.1/src/rp2_common/pico_standard_binary_info/standard_binary_info.c.obj
 .binary_info.keep.__bi_ptr78
                0x10006eec        0x4 CMakeFiles/main.dir/C_/Users/Elias/.pico-sdk/sdk/2.1.1/src/rp2_common/pico_standard_binary_info/standard_binary_info.c.obj
 .binary_info.keep.__bi_ptr60
                0x10006ef0        0x4 CMakeFiles/main.dir/C_/Users/Elias/.pico-sdk/sdk/2.1.1/src/rp2_common/pico_standard_binary_info/standard_binary_info.c.obj
 .binary_info.keep.__bi_ptr54
                0x10006ef4        0x4 CMakeFiles/main.dir/C_/Users/Elias/.pico-sdk/sdk/2.1.1/src/rp2_common/pico_standard_binary_info/standard_binary_info.c.obj
 .binary_info.keep.__bi_ptr48
                0x10006ef8        0x4 CMakeFiles/main.dir/C_/Users/Elias/.pico-sdk/sdk/2.1.1/src/rp2_common/pico_standard_binary_info/standard_binary_info.c.obj
 .binary_info.keep.__bi_ptr42
                0x10006efc        0x4 CMakeFiles/main.dir/C_/Users/Elias/.pico-sdk/sdk/2.1.1/src/rp2_common/pico_standard_binary_info/standard_binary_info.c.obj
 .binary_info.keep.__bi_ptr34
                0x10006f00        0x4 CMakeFiles/main.dir/C_/Users/Elias/.pico-sdk/sdk/2.1.1/src/rp2_common/pico_standard_binary_info/standard_binary_info.c.obj
 .binary_info.keep.__bi_ptr26
                0x10006f04        0x4 CMakeFiles/main.dir/C_/Users/Elias/.pico-sdk/sdk/2.1.1/src/rp2_common/pico_standard_binary_info/standard_binary_info.c.obj
 *(.binary_info.*)
 .binary_info.__bi_ptr197
                0x10006f08        0x4 CMakeFiles/main.dir/C_/Users/Elias/.pico-sdk/sdk/2.1.1/src/rp2_common/pico_stdio_usb/stdio_usb.c.obj
                0x10006f0c                        __binary_info_end = .

.rel.dyn        0x10006f0c        0x0
 .rel.iplt      0x10006f0c        0x0 C:/Users/Elias/.pico-sdk/toolchain/14_2_Rel1/bin/../lib/gcc/arm-none-eabi/14.2.1/thumb/v6-m/nofp/crtbegin.o
                0x10006f0c                        . = ALIGN (0x4)

.ram_vector_table
                0x20000000       0xc0
 *(.ram_vector_table)
 .ram_vector_table
                0x20000000       0xc0 CMakeFiles/main.dir/C_/Users/Elias/.pico-sdk/sdk/2.1.1/src/rp2_common/pico_runtime_init/runtime_init.c.obj
                0x20000000                ram_vector_table

.uninitialized_data
                0x200000c0        0x0
                0x200000c0                        . = ALIGN (0x4)
 *(.uninitialized_data*)

.data           0x200000c0     0x38e8 load address 0x10006f0c
                0x200000c0                        __data_start__ = .
 *(vtable)
 *(.time_critical*)
 .time_critical.mutex_try_enter
                0x200000c0       0x40 CMakeFiles/main.dir/C_/Users/Elias/.pico-sdk/sdk/2.1.1/src/common/pico_sync/mutex.c.obj
                0x200000c0                mutex_try_enter
 .time_critical.mutex_try_enter_block_until
                0x20000100       0x98 CMakeFiles/main.dir/C_/Users/Elias/.pico-sdk/sdk/2.1.1/src/common/pico_sync/mutex.c.obj
                0x20000100                mutex_try_enter_block_until
 .time_critical.mutex_enter_timeout_ms
                0x20000198       0x8c CMakeFiles/main.dir/C_/Users/Elias/.pico-sdk/sdk/2.1.1/src/common/pico_sync/mutex.c.obj
                0x20000198                mutex_enter_timeout_ms
 .time_critical.mutex_exit
                0x20000224       0x28 CMakeFiles/main.dir/C_/Users/Elias/.pico-sdk/sdk/2.1.1/src/common/pico_sync/mutex.c.obj
                0x20000224                mutex_exit
 .time_critical.flash_init_boot2_copyout
                0x2000024c       0x30 CMakeFiles/main.dir/C_/Users/Elias/.pico-sdk/sdk/2.1.1/src/rp2_common/hardware_flash/flash.c.obj
 .time_critical.flash_enable_xip_via_boot2
                0x2000027c        0xc CMakeFiles/main.dir/C_/Users/Elias/.pico-sdk/sdk/2.1.1/src/rp2_common/hardware_flash/flash.c.obj
 .time_critical.flash_cs_force
                0x20000288       0x38 CMakeFiles/main.dir/C_/Users/Elias/.pico-sdk/sdk/2.1.1/src/rp2_common/hardware_flash/flash.c.obj
 .time_critical.flash_do_cmd
                0x200002c0      0x130 CMakeFiles/main.dir/C_/Users/Elias/.pico-sdk/sdk/2.1.1/src/rp2_common/hardware_flash/flash.c.obj
                0x200002c0                flash_do_cmd
 .time_critical.reset_non_control_endpoints
                0x200003f0       0x68 CMakeFiles/main.dir/C_/Users/Elias/.pico-sdk/sdk/2.1.1/lib/tinyusb/src/portable/raspberrypi/rp2040/dcd_rp2040.c.obj
 .time_critical.hw_handle_buff_status
                0x20000458       0xa0 CMakeFiles/main.dir/C_/Users/Elias/.pico-sdk/sdk/2.1.1/lib/tinyusb/src/portable/raspberrypi/rp2040/dcd_rp2040.c.obj
 .time_critical.dcd_rp2040_irq
                0x200004f8      0x548 CMakeFiles/main.dir/C_/Users/Elias/.pico-sdk/sdk/2.1.1/lib/tinyusb/src/portable/raspberrypi/rp2040/dcd_rp2040.c.obj
 .time_critical.prepare_ep_buffer
                0x20000a40       0xc8 CMakeFiles/main.dir/C_/Users/Elias/.pico-sdk/sdk/2.1.1/lib/tinyusb/src/portable/raspberrypi/rp2040/rp2040_usb.c.obj
 .time_critical.sync_ep_buffer
                0x20000b08       0x9c CMakeFiles/main.dir/C_/Users/Elias/.pico-sdk/sdk/2.1.1/lib/tinyusb/src/portable/raspberrypi/rp2040/rp2040_usb.c.obj
 .time_critical._hw_endpoint_xfer_sync
                0x20000ba4       0x28 CMakeFiles/main.dir/C_/Users/Elias/.pico-sdk/sdk/2.1.1/lib/tinyusb/src/portable/raspberrypi/rp2040/rp2040_usb.c.obj
 .time_critical.e15_is_bulkin_ep
                0x20000bcc       0x28 CMakeFiles/main.dir/C_/Users/Elias/.pico-sdk/sdk/2.1.1/lib/tinyusb/src/portable/raspberrypi/rp2040/rp2040_usb.c.obj
 .time_critical.e15_is_critical_frame_period
                0x20000bf4       0x34 CMakeFiles/main.dir/C_/Users/Elias/.pico-sdk/sdk/2.1.1/lib/tinyusb/src/portable/raspberrypi/rp2040/rp2040_usb.c.obj
 .time_critical.hw_endpoint_reset_transfer
                0x20000c28        0xc CMakeFiles/main.dir/C_/Users/Elias/.pico-sdk/sdk/2.1.1/lib/tinyusb/src/portable/raspberrypi/rp2040/rp2040_usb.c.obj
                0x20000c28                hw_endpoint_reset_transfer
 .time_critical._hw_endpoint_buffer_control_update32
                0x20000c34       0x50 CMakeFiles/main.dir/C_/Users/Elias/.pico-sdk/sdk/2.1.1/lib/tinyusb/src/portable/raspberrypi/rp2040/rp2040_usb.c.obj
                0x20000c34                _hw_endpoint_buffer_control_update32
 .time_critical.hw_endpoint_start_next_buffer
                0x20000c84       0x68 CMakeFiles/main.dir/C_/Users/Elias/.pico-sdk/sdk/2.1.1/lib/tinyusb/src/portable/raspberrypi/rp2040/rp2040_usb.c.obj
                0x20000c84                hw_endpoint_start_next_buffer
 .time_critical.hw_endpoint_xfer_continue
                0x20000cec       0x40 CMakeFiles/main.dir/C_/Users/Elias/.pico-sdk/sdk/2.1.1/lib/tinyusb/src/portable/raspberrypi/rp2040/rp2040_usb.c.obj
                0x20000cec                hw_endpoint_xfer_continue
 .time_critical.tinyusb
                0x20000d2c      0x1e4 CMakeFiles/main.dir/C_/Users/Elias/.pico-sdk/sdk/2.1.1/lib/tinyusb/src/device/usbd.c.obj
                0x20000d2c                dcd_event_handler
 *(.text*)
 .text          0x20000f10        0x4 C:/Users/Elias/.pico-sdk/toolchain/14_2_Rel1/bin/../lib/gcc/arm-none-eabi/14.2.1/thumb/v6-m/nofp\libgcc.a(_dvmd_tls.o)
                0x20000f10                __aeabi_idiv0
                0x20000f10                __aeabi_ldiv0
 *fill*         0x20000f14        0x4 
 .text.__stub   0x20000f18       0x80 linker stubs
                0x20000f98                        . = ALIGN (0x4)
 *(.rodata*)
                0x20000f98                        . = ALIGN (0x4)
 *(.data*)
 .data.letras_3x5
                0x20000f98       0x74 CMakeFiles/main.dir/main.c.obj
                0x20000f98                letras_3x5
 *fill*         0x2000100c        0x4 
 .data.f_ponto_fino
                0x20001010       0x78 CMakeFiles/main.dir/main.c.obj
                0x20001010                f_ponto_fino
 .data.f_exclamation_fino
                0x20001088       0x78 CMakeFiles/main.dir/main.c.obj
                0x20001088                f_exclamation_fino
 .data.f_Z_fino
                0x20001100       0x78 CMakeFiles/main.dir/main.c.obj
                0x20001100                f_Z_fino
 .data.f_Y_fino
                0x20001178       0x78 CMakeFiles/main.dir/main.c.obj
                0x20001178                f_Y_fino
 .data.f_X_fino
                0x200011f0       0x78 CMakeFiles/main.dir/main.c.obj
                0x200011f0                f_X_fino
 .data.f_W_fino
                0x20001268       0x78 CMakeFiles/main.dir/main.c.obj
                0x20001268                f_W_fino
 .data.f_V_fino
                0x200012e0       0x78 CMakeFiles/main.dir/main.c.obj
                0x200012e0                f_V_fino
 .data.f_U_fino
                0x20001358       0x78 CMakeFiles/main.dir/main.c.obj
                0x20001358                f_U_fino
 .data.f_T_fino
                0x200013d0       0x78 CMakeFiles/main.dir/main.c.obj
                0x200013d0                f_T_fino
 .data.f_S_fino
                0x20001448       0x78 CMakeFiles/main.dir/main.c.obj
                0x20001448                f_S_fino
 .data.f_R_fino
                0x200014c0       0x78 CMakeFiles/main.dir/main.c.obj
                0x200014c0                f_R_fino
 .data.f_Q_fino
                0x20001538       0x78 CMakeFiles/main.dir/main.c.obj
                0x20001538                f_Q_fino
 .data.f_P_fino
                0x200015b0       0x78 CMakeFiles/main.dir/main.c.obj
                0x200015b0                f_P_fino
 .data.f_O_fino
                0x20001628       0x78 CMakeFiles/main.dir/main.c.obj
                0x20001628                f_O_fino
 .data.f_N_fino
                0x200016a0       0x78 CMakeFiles/main.dir/main.c.obj
                0x200016a0                f_N_fino
 .data.f_M_fino
                0x20001718       0x78 CMakeFiles/main.dir/main.c.obj
                0x20001718                f_M_fino
 .data.f_L_fino
                0x20001790       0x78 CMakeFiles/main.dir/main.c.obj
                0x20001790                f_L_fino
 .data.f_K_fino
                0x20001808       0x78 CMakeFiles/main.dir/main.c.obj
                0x20001808                f_K_fino
 .data.f_J_fino
                0x20001880       0x78 CMakeFiles/main.dir/main.c.obj
                0x20001880                f_J_fino
 .data.f_I_fino
                0x200018f8       0x78 CMakeFiles/main.dir/main.c.obj
                0x200018f8                f_I_fino
 .data.f_H_fino
                0x20001970       0x78 CMakeFiles/main.dir/main.c.obj
                0x20001970                f_H_fino
 .data.f_G_fino
                0x200019e8       0x78 CMakeFiles/main.dir/main.c.obj
                0x200019e8                f_G_fino
 .data.f_F_fino
                0x20001a60       0x78 CMakeFiles/main.dir/main.c.obj
                0x20001a60                f_F_fino
 .data.f_E_fino
                0x20001ad8       0x78 CMakeFiles/main.dir/main.c.obj
                0x20001ad8                f_E_fino
 .data.f_D_fino
                0x20001b50       0x78 CMakeFiles/main.dir/main.c.obj
                0x20001b50                f_D_fino
 .data.f_C_fino
                0x20001bc8       0x78 CMakeFiles/main.dir/main.c.obj
                0x20001bc8                f_C_fino
 .data.f_B_fino
                0x20001c40       0x78 CMakeFiles/main.dir/main.c.obj
                0x20001c40                f_B_fino
 .data.f_A_fino
                0x20001cb8       0x78 CMakeFiles/main.dir/main.c.obj
                0x20001cb8                f_A_fino
 .data.letras_5x5
                0x20001d30       0x74 CMakeFiles/main.dir/main.c.obj
                0x20001d30                letras_5x5
 *fill*         0x20001da4        0x4 
 .data.f_ponto  0x20001da8       0xc8 CMakeFiles/main.dir/main.c.obj
                0x20001da8                f_ponto
 .data.f_exclamation
                0x20001e70       0xc8 CMakeFiles/main.dir/main.c.obj
                0x20001e70                f_exclamation
 .data.f_Z      0x20001f38       0xc8 CMakeFiles/main.dir/main.c.obj
                0x20001f38                f_Z
 .data.f_Y      0x20002000       0xc8 CMakeFiles/main.dir/main.c.obj
                0x20002000                f_Y
 .data.f_X      0x200020c8       0xc8 CMakeFiles/main.dir/main.c.obj
                0x200020c8                f_X
 .data.f_W      0x20002190       0xc8 CMakeFiles/main.dir/main.c.obj
                0x20002190                f_W
 .data.f_V      0x20002258       0xc8 CMakeFiles/main.dir/main.c.obj
                0x20002258                f_V
 .data.f_U      0x20002320       0xc8 CMakeFiles/main.dir/main.c.obj
                0x20002320                f_U
 .data.f_T      0x200023e8       0xc8 CMakeFiles/main.dir/main.c.obj
                0x200023e8                f_T
 .data.f_S      0x200024b0       0xc8 CMakeFiles/main.dir/main.c.obj
                0x200024b0                f_S
 .data.f_R      0x20002578       0xc8 CMakeFiles/main.dir/main.c.obj
                0x20002578                f_R
 .data.f_Q      0x20002640       0xc8 CMakeFiles/main.dir/main.c.obj
                0x20002640                f_Q
 .data.f_P      0x20002708       0xc8 CMakeFiles/main.dir/main.c.obj
                0x20002708                f_P
 .data.f_O      0x200027d0       0xc8 CMakeFiles/main.dir/main.c.obj
                0x200027d0                f_O
 .data.f_N      0x20002898       0xc8 CMakeFiles/main.dir/main.c.obj
                0x20002898                f_N
 .data.f_M      0x20002960       0xc8 CMakeFiles/main.dir/main.c.obj
                0x20002960                f_M
 .data.f_L      0x20002a28       0xc8 CMakeFiles/main.dir/main.c.obj
                0x20002a28                f_L
 .data.f_K      0x20002af0       0xc8 CMakeFiles/main.dir/main.c.obj
                0x20002af0                f_K
 .data.f_J      0x20002bb8       0xc8 CMakeFiles/main.dir/main.c.obj
                0x20002bb8                f_J
 .data.f_I      0x20002c80       0xc8 CMakeFiles/main.dir/main.c.obj
                0x20002c80                f_I
 .data.f_H      0x20002d48       0xc8 CMakeFiles/main.dir/main.c.obj
                0x20002d48                f_H
 .data.f_G      0x20002e10       0xc8 CMakeFiles/main.dir/main.c.obj
                0x20002e10                f_G
 .data.f_F      0x20002ed8       0xc8 CMakeFiles/main.dir/main.c.obj
                0x20002ed8                f_F
 .data.f_E      0x20002fa0       0xc8 CMakeFiles/main.dir/main.c.obj
                0x20002fa0                f_E
 .data.f_D      0x20003068       0xc8 CMakeFiles/main.dir/main.c.obj
                0x20003068                f_D
 .data.f_C      0x20003130       0xc8 CMakeFiles/main.dir/main.c.obj
                0x20003130                f_C
 .data.f_B      0x200031f8       0xc8 CMakeFiles/main.dir/main.c.obj
                0x200031f8                f_B
 .data.f_A      0x200032c0       0xc8 CMakeFiles/main.dir/main.c.obj
                0x200032c0                f_A
 .data.striped_spin_lock_num
                0x20003388        0x1 CMakeFiles/main.dir/C_/Users/Elias/.pico-sdk/sdk/2.1.1/src/rp2_common/hardware_sync/sync.c.obj
 *fill*         0x20003389        0x3 
 .data          0x2000338c       0x48 CMakeFiles/main.dir/C_/Users/Elias/.pico-sdk/sdk/2.1.1/src/rp2_common/hardware_irq/irq_handler_chain.S.obj
                0x2000338c                irq_handler_chain_slots
                0x200033bc                irq_handler_chain_first_slot
                0x200033c6                irq_handler_chain_remove_tail
 .data.default_alarm_pool
                0x200033d4       0x18 CMakeFiles/main.dir/C_/Users/Elias/.pico-sdk/sdk/2.1.1/src/common/pico_time/time.c.obj
 *fill*         0x200033ec        0x4 
 .data.aeabi_bits_funcs
                0x200033f0       0x10 CMakeFiles/main.dir/C_/Users/Elias/.pico-sdk/sdk/2.1.1/src/rp2_common/pico_bit_ops/bit_ops_aeabi.S.obj
                0x200033f0                aeabi_bits_funcs
                0x20003400                aeabi_bits_funcs_end
 .data.aeabi_mem_funcs
                0x20003400       0x10 CMakeFiles/main.dir/C_/Users/Elias/.pico-sdk/sdk/2.1.1/src/rp2_common/pico_mem_ops/mem_ops_aeabi.S.obj
                0x20003400                aeabi_mem_funcs
                0x20003410                aeabi_mem_funcs_end
 .data.stdio_usb
                0x20003410       0x18 CMakeFiles/main.dir/C_/Users/Elias/.pico-sdk/sdk/2.1.1/src/rp2_common/pico_stdio_usb/stdio_usb.c.obj
                0x20003410                stdio_usb
 .data._usbd_qdef
                0x20003428       0x1c CMakeFiles/main.dir/C_/Users/Elias/.pico-sdk/sdk/2.1.1/lib/tinyusb/src/device/usbd.c.obj
                0x20003428                _usbd_qdef
 .data._usbd_rhport
                0x20003444        0x1 CMakeFiles/main.dir/C_/Users/Elias/.pico-sdk/sdk/2.1.1/lib/tinyusb/src/device/usbd.c.obj
 *fill*         0x20003445        0x3 
 .data.__malloc_sbrk_base
                0x20003448        0x4 C:/Users/Elias/.pico-sdk/toolchain/14_2_Rel1/bin/../lib/gcc/arm-none-eabi/14.2.1/thumb/v6-m/nofp\libg.a(libc_a-mallocr.o)
                0x20003448                __malloc_sbrk_base
 .data.__malloc_trim_threshold
                0x2000344c        0x4 C:/Users/Elias/.pico-sdk/toolchain/14_2_Rel1/bin/../lib/gcc/arm-none-eabi/14.2.1/thumb/v6-m/nofp\libg.a(libc_a-mallocr.o)
                0x2000344c                __malloc_trim_threshold
 .data.__malloc_av_
                0x20003450      0x408 C:/Users/Elias/.pico-sdk/toolchain/14_2_Rel1/bin/../lib/gcc/arm-none-eabi/14.2.1/thumb/v6-m/nofp\libg.a(libc_a-mallocr.o)
                0x20003450                __malloc_av_
 .data._impure_ptr
                0x20003858        0x4 C:/Users/Elias/.pico-sdk/toolchain/14_2_Rel1/bin/../lib/gcc/arm-none-eabi/14.2.1/thumb/v6-m/nofp\libg.a(libc_a-impure.o)
                0x20003858                _impure_ptr
 *fill*         0x2000385c        0x4 
 .data._impure_data
                0x20003860      0x140 C:/Users/Elias/.pico-sdk/toolchain/14_2_Rel1/bin/../lib/gcc/arm-none-eabi/14.2.1/thumb/v6-m/nofp\libg.a(libc_a-impure.o)
                0x20003860                _impure_data
                0x200039a0                        . = ALIGN (0x4)
 *(.after_data.*)
                0x200039a0                        . = ALIGN (0x4)
                0x200039a0                        PROVIDE (__mutex_array_start = .)
 *(SORT_BY_NAME(.mutex_array.*))
 *(.mutex_array)
 .mutex_array   0x200039a0        0x8 CMakeFiles/main.dir/C_/Users/Elias/.pico-sdk/sdk/2.1.1/src/rp2_common/pico_stdio/stdio.c.obj
                0x200039a8                        PROVIDE (__mutex_array_end = .)
                0x200039a8                        . = ALIGN (0x4)
 *(.jcr)
                0x200039a8                        . = ALIGN (0x4)

.tm_clone_table
                0x200039a8        0x0 load address 0x1000a7f4
 .tm_clone_table
                0x200039a8        0x0 C:/Users/Elias/.pico-sdk/toolchain/14_2_Rel1/bin/../lib/gcc/arm-none-eabi/14.2.1/thumb/v6-m/nofp/crtbegin.o
 .tm_clone_table
                0x200039a8        0x0 C:/Users/Elias/.pico-sdk/toolchain/14_2_Rel1/bin/../lib/gcc/arm-none-eabi/14.2.1/thumb/v6-m/nofp/crtend.o

.igot.plt       0x200039a8        0x0 load address 0x1000a7f4
 .igot.plt      0x200039a8        0x0 C:/Users/Elias/.pico-sdk/toolchain/14_2_Rel1/bin/../lib/gcc/arm-none-eabi/14.2.1/thumb/v6-m/nofp/crtbegin.o

.tdata          0x200039a8        0x0 load address 0x1000a7f4
                0x200039a8                        . = ALIGN (0x4)
 *(.tdata .tdata.* .gnu.linkonce.td.*)
                0x200039a8                        __tdata_end = .
                0x200039a8                        PROVIDE (__data_end__ = .)
                0x10006f0c                        __etext = LOADADDR (.data)

.tbss           0x200039a8        0x0 load address 0x1000a7f4
                0x200039a8                        . = ALIGN (0x4)
                0x200039a8                        __bss_start__ = .
                0x200039a8                        __tls_base = .
 *(.tbss .tbss.* .gnu.linkonce.tb.*)
 *(.tcommon)
                0x200039a8                        __tls_end = .

.bss            0x200039a8     0x1210 load address 0x1000a7f4
                0x200039a8                        . = ALIGN (0x4)
                0x200039a8                        __tbss_end = .
 *(SORT_BY_ALIGNMENT(SORT_BY_NAME(.bss*)))
 .bss.default_alarm_pool_entries
                0x200039a8      0x180 CMakeFiles/main.dir/C_/Users/Elias/.pico-sdk/sdk/2.1.1/src/common/pico_time/time.c.obj
 .bss.f_01      0x20003b28       0xc8 CMakeFiles/main.dir/main.c.obj
                0x20003b28                f_01
 .bss.f_01_fino
                0x20003bf0       0xc8 CMakeFiles/main.dir/main.c.obj
                0x20003bf0                f_01_fino
 .bss.last_avail_time.1
                0x20003cb8        0x8 CMakeFiles/main.dir/C_/Users/Elias/.pico-sdk/sdk/2.1.1/src/rp2_common/pico_stdio_usb/stdio_usb.c.obj
 .bss.sd_table  0x20003cc0      0x100 CMakeFiles/main.dir/C_/Users/Elias/.pico-sdk/sdk/2.1.1/src/rp2_common/pico_double/double_init_rom_rp2040.c.obj
                0x20003cc0                sd_table
 .bss.__lock___malloc_recursive_mutex
                0x20003dc0        0x1 C:/Users/Elias/.pico-sdk/toolchain/14_2_Rel1/bin/../lib/gcc/arm-none-eabi/14.2.1/thumb/v6-m/nofp\libg.a(libc_a-lock.o)
                0x20003dc0                __lock___malloc_recursive_mutex
 *fill*         0x20003dc1        0x3 
 .bss.__malloc_current_mallinfo
                0x20003dc4       0x28 C:/Users/Elias/.pico-sdk/toolchain/14_2_Rel1/bin/../lib/gcc/arm-none-eabi/14.2.1/thumb/v6-m/nofp\libg.a(libc_a-mallocr.o)
                0x20003dc4                __malloc_current_mallinfo
 .bss.__malloc_max_sbrked_mem
                0x20003dec        0x4 C:/Users/Elias/.pico-sdk/toolchain/14_2_Rel1/bin/../lib/gcc/arm-none-eabi/14.2.1/thumb/v6-m/nofp\libg.a(libc_a-mallocr.o)
                0x20003dec                __malloc_max_sbrked_mem
 .bss.__malloc_max_total_mem
                0x20003df0        0x4 C:/Users/Elias/.pico-sdk/toolchain/14_2_Rel1/bin/../lib/gcc/arm-none-eabi/14.2.1/thumb/v6-m/nofp\libg.a(libc_a-mallocr.o)
                0x20003df0                __malloc_max_total_mem
 .bss.__malloc_top_pad
                0x20003df4        0x4 C:/Users/Elias/.pico-sdk/toolchain/14_2_Rel1/bin/../lib/gcc/arm-none-eabi/14.2.1/thumb/v6-m/nofp\libg.a(libc_a-mallocr.o)
                0x20003df4                __malloc_top_pad
 .bss.__sf      0x20003df8      0x138 C:/Users/Elias/.pico-sdk/toolchain/14_2_Rel1/bin/../lib/gcc/arm-none-eabi/14.2.1/thumb/v6-m/nofp\libg.a(libc_a-findfp.o)
                0x20003df8                __sf
 .bss._app_driver
                0x20003f30        0x4 CMakeFiles/main.dir/C_/Users/Elias/.pico-sdk/sdk/2.1.1/lib/tinyusb/src/device/usbd.c.obj
 .bss._cdcd_epbuf
                0x20003f34       0x80 CMakeFiles/main.dir/C_/Users/Elias/.pico-sdk/sdk/2.1.1/lib/tinyusb/src/class/cdc/cdc_device.c.obj
 .bss._cdcd_fifo_cfg
                0x20003fb4        0x1 CMakeFiles/main.dir/C_/Users/Elias/.pico-sdk/sdk/2.1.1/lib/tinyusb/src/class/cdc/cdc_device.c.obj
 *fill*         0x20003fb5        0x3 
 .bss._cdcd_itf
                0x20003fb8       0xc8 CMakeFiles/main.dir/C_/Users/Elias/.pico-sdk/sdk/2.1.1/lib/tinyusb/src/class/cdc/cdc_device.c.obj
 .bss._ctrl_epbuf
                0x20004080       0x40 CMakeFiles/main.dir/C_/Users/Elias/.pico-sdk/sdk/2.1.1/lib/tinyusb/src/device/usbd_control.c.obj
 .bss._ctrl_xfer
                0x200040c0       0x14 CMakeFiles/main.dir/C_/Users/Elias/.pico-sdk/sdk/2.1.1/lib/tinyusb/src/device/usbd_control.c.obj
 .bss._tusb_rhport_role
                0x200040d4        0x2 CMakeFiles/main.dir/C_/Users/Elias/.pico-sdk/sdk/2.1.1/lib/tinyusb/src/tusb.c.obj
                0x200040d4                _tusb_rhport_role
 *fill*         0x200040d6        0x2 
 .bss._ubsd_mutexdef
                0x200040d8        0x8 CMakeFiles/main.dir/C_/Users/Elias/.pico-sdk/sdk/2.1.1/lib/tinyusb/src/device/usbd.c.obj
 .bss._usbd_dev
                0x200040e0       0x54 CMakeFiles/main.dir/C_/Users/Elias/.pico-sdk/sdk/2.1.1/lib/tinyusb/src/device/usbd.c.obj
 .bss._usbd_mutex
                0x20004134        0x4 CMakeFiles/main.dir/C_/Users/Elias/.pico-sdk/sdk/2.1.1/lib/tinyusb/src/device/usbd.c.obj
 .bss._usbd_q   0x20004138        0x4 CMakeFiles/main.dir/C_/Users/Elias/.pico-sdk/sdk/2.1.1/lib/tinyusb/src/device/usbd.c.obj
 .bss._usbd_qdef_buf
                0x2000413c       0xc0 CMakeFiles/main.dir/C_/Users/Elias/.pico-sdk/sdk/2.1.1/lib/tinyusb/src/device/usbd.c.obj
                0x2000413c                _usbd_qdef_buf
 .bss._used_instruction_space
                0x200041fc        0x8 CMakeFiles/main.dir/C_/Users/Elias/.pico-sdk/sdk/2.1.1/src/rp2_common/hardware_pio/pio.c.obj
 .bss._vendord_epbuf
                0x20004204       0x80 CMakeFiles/main.dir/C_/Users/Elias/.pico-sdk/sdk/2.1.1/lib/tinyusb/src/class/vendor/vendor_device.c.obj
 .bss._vendord_itf
                0x20004284      0x24c CMakeFiles/main.dir/C_/Users/Elias/.pico-sdk/sdk/2.1.1/lib/tinyusb/src/class/vendor/vendor_device.c.obj
 .bss.boot2_copyout
                0x200044d0      0x100 CMakeFiles/main.dir/C_/Users/Elias/.pico-sdk/sdk/2.1.1/src/rp2_common/hardware_flash/flash.c.obj
 .bss.chars_available_callback
                0x200045d0        0x4 CMakeFiles/main.dir/C_/Users/Elias/.pico-sdk/sdk/2.1.1/src/rp2_common/pico_stdio_usb/stdio_usb.c.obj
 .bss.chars_available_param
                0x200045d4        0x4 CMakeFiles/main.dir/C_/Users/Elias/.pico-sdk/sdk/2.1.1/src/rp2_common/pico_stdio_usb/stdio_usb.c.obj
 .bss.claimed   0x200045d8        0x4 CMakeFiles/main.dir/C_/Users/Elias/.pico-sdk/sdk/2.1.1/src/rp2_common/hardware_sync/sync.c.obj
 .bss.claimed   0x200045dc        0x1 CMakeFiles/main.dir/C_/Users/Elias/.pico-sdk/sdk/2.1.1/src/rp2_common/hardware_timer/timer.c.obj
 *fill*         0x200045dd        0x3 
 .bss.claimed   0x200045e0        0x1 CMakeFiles/main.dir/C_/Users/Elias/.pico-sdk/sdk/2.1.1/src/rp2_common/hardware_pio/pio.c.obj
 *fill*         0x200045e1        0x3 
 .bss.configured_freq
                0x200045e4       0x28 CMakeFiles/main.dir/C_/Users/Elias/.pico-sdk/sdk/2.1.1/src/rp2_common/hardware_clocks/clocks.c.obj
 .bss.desc_str.0
                0x2000460c       0x28 CMakeFiles/main.dir/C_/Users/Elias/.pico-sdk/sdk/2.1.1/src/rp2_common/pico_stdio_usb/stdio_usb_descriptors.c.obj
 .bss.drivers   0x20004634        0x4 CMakeFiles/main.dir/C_/Users/Elias/.pico-sdk/sdk/2.1.1/src/rp2_common/pico_stdio/stdio.c.obj
 .bss.e15_last_sof
                0x20004638        0x4 CMakeFiles/main.dir/C_/Users/Elias/.pico-sdk/sdk/2.1.1/lib/tinyusb/src/portable/raspberrypi/rp2040/rp2040_usb.c.obj
                0x20004638                e15_last_sof
 .bss.errno     0x2000463c        0x4 C:/Users/Elias/.pico-sdk/toolchain/14_2_Rel1/bin/../lib/gcc/arm-none-eabi/14.2.1/thumb/v6-m/nofp\libg.a(libc_a-reent.o)
                0x2000463c                errno